
> backend@0.0.1 test
> jest --testPathPattern=clarity.controller.spec

node.exe : FAIL 
src/clarity/clarity.controller.spec.ts
En línea: 1 Carácter: 1
+ & "C:\Program Files\nodejs/node.exe" 
"C:\Program Files\nodejs/node_mo ...
+ ~~~~~~~~~~~~~~~~~~~~~~~~~~~~~~~~~~~~~~
~~~~~~~~~~~~~~~~~~~~~~~~~~~~~~~
    + CategoryInfo          : NotSpecif 
   ied: (FAIL src/clarit...troller.spe  
  c.ts:String) [], RemoteException
    + FullyQualifiedErrorId : NativeCom 
   mandError
 
  ClarityController
    ÔêÜ should be defined (9 ms)
    getConfig
      ÔêÜ should return user config (2 
ms)
    setConfig
      ÔêÜ should update user config (2 
ms)
    getMiDia
      ÔêÜ should get user day data (1 
ms)
    upsertCheckin
      ÔêÜ should create or update 
checkin (1 ms)
    crearTareaRapida
      ÔêÜ should create a quick task (2 
ms)
    getMisTareas
      ÔêÜ should get user tasks (1 ms)
      ÔêÜ should filter by estado (2 ms)
    actualizarTarea
      ├ù should update task description 
(2 ms)
    actualizarOrden
      ÔêÜ should update task order (3 
ms)
    reordenarTareas
      ÔêÜ should reorder tasks (1 ms)
    crearBloqueo
      ÔêÜ should create blocker (1 ms)
    resolverBloqueo
      ÔêÜ should resolve blocker (1 ms)
    getEquipoHoy
      ÔêÜ should get team today status 
(1 ms)
    getEquipoBacklog
      ÔêÜ should get team backlog (1 ms)
    getFocoDelDia
      ÔêÜ should get focus items (1 ms)
    agregarAlFoco
      ÔêÜ should add to focus (1 ms)
    getProductividad
      ÔêÜ should get productivity 
report (1 ms)
    getBloqueosTrend
      ÔêÜ should get blockers trend (1 
ms)

  ÔùÅ ClarityController ÔÇ║ 
actualizarTarea ÔÇ║ should update task 
description

    expect(jest.fn()).toHaveBeenCalledWi
th(...expected)

    - Expected
    + Received

      1,
      {"descripcion": "Updated desc"},
      1,
    - "User",
    + undefined,

    Number of calls: 1

    [0m [90m 155 |[39m             
[36mawait[39m controller[33m.[39mact
ualizarTarea([35m1[39m[33m,[39m 
body[33m,[39m mockRequest)[33m;[39m
     [90m 156 |[39m             expect
(mockTasksService[33m.[39mtareaActuali
zar)[33m.[39mtoHaveBeenCalled()[33m;
[39m
    [31m[1m>[22m[39m[90m 157 
|[39m             expect(mockTasksServi
ce[33m.[39mtareaActualizar)[33m.[39m
toHaveBeenCalledWith([35m1[39m[33m,[
39m body[33m,[39m 
[35m1[39m[33m,[39m 
[32m'User'[39m)[33m;[39m
     [90m     |[39m                   
                                   
[31m[1m^[22m[39m
     [90m 158 |[39m         
})[33m;[39m
     [90m 159 |[39m     })[33m;[39m
     [90m 160 |[39m[0m

      at Object.toHaveBeenCalledWith (cl
arity/clarity.controller.spec.ts:157:54)

Test Suites: 1 failed, 1 total
Tests:       1 failed, 18 passed, 19 
total
Snapshots:   0 total
Time:        1.862 s, estimated 2 s
Ran all test suites matching 
/clarity.controller.spec/i.
