src/auth/entities/organizacion-nodo.entity.ts(6,6): error TS1240: Unable to resolve signature of property decorator when called as an expression.
  Argument of type 'ClassFieldDecoratorContext<OrganizacionNodo, number> & { name: "idNodo"; private: false; static: false; }' is not assignable to parameter of type 'string | symbol'.
src/auth/entities/organizacion-nodo.entity.ts(9,6): error TS1240: Unable to resolve signature of property decorator when called as an expression.
  Argument of type 'ClassFieldDecoratorContext<OrganizacionNodo, number> & { name: "idPadre"; private: false; static: false; }' is not assignable to parameter of type 'string | symbol'.
src/auth/entities/organizacion-nodo.entity.ts(12,6): error TS1240: Unable to resolve signature of property decorator when called as an expression.
  Argument of type 'ClassFieldDecoratorContext<OrganizacionNodo, OrganizacionNodo> & { name: "padre"; private: false; static: false; }' is not assignable to parameter of type 'string | symbol'.
src/auth/entities/organizacion-nodo.entity.ts(13,6): error TS1240: Unable to resolve signature of property decorator when called as an expression.
  Argument of type 'ClassFieldDecoratorContext<OrganizacionNodo, OrganizacionNodo> & { name: "padre"; private: false; static: false; }' is not assignable to parameter of type 'string | symbol'.
src/auth/entities/organizacion-nodo.entity.ts(16,6): error TS1240: Unable to resolve signature of property decorator when called as an expression.
  Argument of type 'ClassFieldDecoratorContext<OrganizacionNodo, OrganizacionNodo[]> & { name: "hijos"; private: false; static: false; }' is not assignable to parameter of type 'string | symbol'.
src/auth/entities/organizacion-nodo.entity.ts(19,6): error TS1240: Unable to resolve signature of property decorator when called as an expression.
  Argument of type 'ClassFieldDecoratorContext<OrganizacionNodo, string> & { name: "tipo"; private: false; static: false; }' is not assignable to parameter of type 'string | symbol'.
src/auth/entities/organizacion-nodo.entity.ts(22,6): error TS1240: Unable to resolve signature of property decorator when called as an expression.
  Argument of type 'ClassFieldDecoratorContext<OrganizacionNodo, string> & { name: "nombre"; private: false; static: false; }' is not assignable to parameter of type 'string | symbol'.
src/auth/entities/organizacion-nodo.entity.ts(25,6): error TS1240: Unable to resolve signature of property decorator when called as an expression.
  Argument of type 'ClassFieldDecoratorContext<OrganizacionNodo, boolean> & { name: "activo"; private: false; static: false; }' is not assignable to parameter of type 'string | symbol'.
src/auth/entities/rol.entity.ts(5,6): error TS1240: Unable to resolve signature of property decorator when called as an expression.
  Argument of type 'ClassFieldDecoratorContext<Rol, number> & { name: "idRol"; private: false; static: false; }' is not assignable to parameter of type 'string | symbol'.
src/auth/entities/rol.entity.ts(8,6): error TS1240: Unable to resolve signature of property decorator when called as an expression.
  Argument of type 'ClassFieldDecoratorContext<Rol, string> & { name: "nombre"; private: false; static: false; }' is not assignable to parameter of type 'string | symbol'.
src/auth/entities/rol.entity.ts(11,6): error TS1240: Unable to resolve signature of property decorator when called as an expression.
  Argument of type 'ClassFieldDecoratorContext<Rol, string> & { name: "descripcion"; private: false; static: false; }' is not assignable to parameter of type 'string | symbol'.
src/auth/entities/rol.entity.ts(14,6): error TS1240: Unable to resolve signature of property decorator when called as an expression.
  Argument of type 'ClassFieldDecoratorContext<Rol, boolean> & { name: "esSistema"; private: false; static: false; }' is not assignable to parameter of type 'string | symbol'.
src/auth/entities/rol.entity.ts(17,6): error TS1240: Unable to resolve signature of property decorator when called as an expression.
  Argument of type 'ClassFieldDecoratorContext<Rol, string> & { name: "reglas"; private: false; static: false; }' is not assignable to parameter of type 'string | symbol'.
src/auth/entities/rol.entity.ts(20,6): error TS1240: Unable to resolve signature of property decorator when called as an expression.
  Argument of type 'ClassFieldDecoratorContext<Rol, string> & { name: "defaultMenu"; private: false; static: false; }' is not assignable to parameter of type 'string | symbol'.
src/auth/entities/usuario-organizacion.entity.ts(8,6): error TS1240: Unable to resolve signature of property decorator when called as an expression.
  Argument of type 'ClassFieldDecoratorContext<UsuarioOrganizacion, number> & { name: "idRelacion"; private: false; static: false; }' is not assignable to parameter of type 'string | symbol'.
src/auth/entities/usuario-organizacion.entity.ts(11,6): error TS1240: Unable to resolve signature of property decorator when called as an expression.
  Argument of type 'ClassFieldDecoratorContext<UsuarioOrganizacion, number> & { name: "idUsuario"; private: false; static: false; }' is not assignable to parameter of type 'string | symbol'.
src/auth/entities/usuario-organizacion.entity.ts(14,6): error TS1240: Unable to resolve signature of property decorator when called as an expression.
  Argument of type 'ClassFieldDecoratorContext<UsuarioOrganizacion, Usuario> & { name: "usuario"; private: false; static: false; }' is not assignable to parameter of type 'string | symbol'.
src/auth/entities/usuario-organizacion.entity.ts(15,6): error TS1240: Unable to resolve signature of property decorator when called as an expression.
  Argument of type 'ClassFieldDecoratorContext<UsuarioOrganizacion, Usuario> & { name: "usuario"; private: false; static: false; }' is not assignable to parameter of type 'string | symbol'.
src/auth/entities/usuario-organizacion.entity.ts(18,6): error TS1240: Unable to resolve signature of property decorator when called as an expression.
  Argument of type 'ClassFieldDecoratorContext<UsuarioOrganizacion, number> & { name: "idNodo"; private: false; static: false; }' is not assignable to parameter of type 'string | symbol'.
src/auth/entities/usuario-organizacion.entity.ts(21,6): error TS1240: Unable to resolve signature of property decorator when called as an expression.
  Argument of type 'ClassFieldDecoratorContext<UsuarioOrganizacion, OrganizacionNodo> & { name: "nodo"; private: false; static: false; }' is not assignable to parameter of type 'string | symbol'.
src/auth/entities/usuario-organizacion.entity.ts(22,6): error TS1240: Unable to resolve signature of property decorator when called as an expression.
  Argument of type 'ClassFieldDecoratorContext<UsuarioOrganizacion, OrganizacionNodo> & { name: "nodo"; private: false; static: false; }' is not assignable to parameter of type 'string | symbol'.
src/auth/entities/usuario-organizacion.entity.ts(25,6): error TS1240: Unable to resolve signature of property decorator when called as an expression.
  Argument of type 'ClassFieldDecoratorContext<UsuarioOrganizacion, string> & { name: "rol"; private: false; static: false; }' is not assignable to parameter of type 'string | symbol'.
src/auth/entities/usuario-organizacion.entity.ts(28,6): error TS1240: Unable to resolve signature of property decorator when called as an expression.
  Argument of type 'ClassFieldDecoratorContext<UsuarioOrganizacion, Date> & { name: "fechaInicio"; private: false; static: false; }' is not assignable to parameter of type 'string | symbol'.
src/auth/entities/usuario-organizacion.entity.ts(31,6): error TS1240: Unable to resolve signature of property decorator when called as an expression.
  Argument of type 'ClassFieldDecoratorContext<UsuarioOrganizacion, Date> & { name: "fechaFin"; private: false; static: false; }' is not assignable to parameter of type 'string | symbol'.
src/auth/entities/usuario.entity.ts(8,6): error TS1240: Unable to resolve signature of property decorator when called as an expression.
  Argument of type 'ClassFieldDecoratorContext<Usuario, number> & { name: "idUsuario"; private: false; static: false; }' is not assignable to parameter of type 'string | symbol'.
src/auth/entities/usuario.entity.ts(11,6): error TS1240: Unable to resolve signature of property decorator when called as an expression.
  Argument of type 'ClassFieldDecoratorContext<Usuario, string> & { name: "nombre"; private: false; static: false; }' is not assignable to parameter of type 'string | symbol'.
src/auth/entities/usuario.entity.ts(15,6): error TS1240: Unable to resolve signature of property decorator when called as an expression.
  Argument of type 'ClassFieldDecoratorContext<Usuario, string> & { name: "carnet"; private: false; static: false; }' is not assignable to parameter of type 'string | symbol'.
src/auth/entities/usuario.entity.ts(19,6): error TS1240: Unable to resolve signature of property decorator when called as an expression.
  Argument of type 'ClassFieldDecoratorContext<Usuario, string> & { name: "correo"; private: false; static: false; }' is not assignable to parameter of type 'string | symbol'.
src/auth/entities/usuario.entity.ts(22,6): error TS1240: Unable to resolve signature of property decorator when called as an expression.
  Argument of type 'ClassFieldDecoratorContext<Usuario, string> & { name: "telefono"; private: false; static: false; }' is not assignable to parameter of type 'string | symbol'.
src/auth/entities/usuario.entity.ts(25,6): error TS1240: Unable to resolve signature of property decorator when called as an expression.
  Argument of type 'ClassFieldDecoratorContext<Usuario, boolean> & { name: "activo"; private: false; static: false; }' is not assignable to parameter of type 'string | symbol'.
src/auth/entities/usuario.entity.ts(28,6): error TS1240: Unable to resolve signature of property decorator when called as an expression.
  Argument of type 'ClassFieldDecoratorContext<Usuario, string> & { name: "rolGlobal"; private: false; static: false; }' is not assignable to parameter of type 'string | symbol'.
src/auth/entities/usuario.entity.ts(31,6): error TS1240: Unable to resolve signature of property decorator when called as an expression.
  Argument of type 'ClassFieldDecoratorContext<Usuario, number> & { name: "idRol"; private: false; static: false; }' is not assignable to parameter of type 'string | symbol'.
src/auth/entities/usuario.entity.ts(34,6): error TS1240: Unable to resolve signature of property decorator when called as an expression.
  Argument of type 'ClassFieldDecoratorContext<Usuario, Rol> & { name: "rol"; private: false; static: false; }' is not assignable to parameter of type 'string | symbol'.
src/auth/entities/usuario.entity.ts(35,6): error TS1240: Unable to resolve signature of property decorator when called as an expression.
  Argument of type 'ClassFieldDecoratorContext<Usuario, Rol> & { name: "rol"; private: false; static: false; }' is not assignable to parameter of type 'string | symbol'.
src/auth/entities/usuario.entity.ts(38,6): error TS1240: Unable to resolve signature of property decorator when called as an expression.
  Argument of type 'ClassFieldDecoratorContext<Usuario, string> & { name: "pais"; private: false; static: false; }' is not assignable to parameter of type 'string | symbol'.
src/auth/entities/usuario.entity.ts(43,6): error TS1240: Unable to resolve signature of property decorator when called as an expression.
  Argument of type 'ClassFieldDecoratorContext<Usuario, string> & { name: "nombreCompleto"; private: false; static: false; }' is not assignable to parameter of type 'string | symbol'.
src/auth/entities/usuario.entity.ts(46,6): error TS1240: Unable to resolve signature of property decorator when called as an expression.
  Argument of type 'ClassFieldDecoratorContext<Usuario, string> & { name: "cargo"; private: false; static: false; }' is not assignable to parameter of type 'string | symbol'.
src/auth/entities/usuario.entity.ts(49,6): error TS1240: Unable to resolve signature of property decorator when called as an expression.
  Argument of type 'ClassFieldDecoratorContext<Usuario, string> & { name: "departamento"; private: false; static: false; }' is not assignable to parameter of type 'string | symbol'.
src/auth/entities/usuario.entity.ts(52,6): error TS1240: Unable to resolve signature of property decorator when called as an expression.
  Argument of type 'ClassFieldDecoratorContext<Usuario, string> & { name: "orgDepartamento"; private: false; static: false; }' is not assignable to parameter of type 'string | symbol'.
src/auth/entities/usuario.entity.ts(55,6): error TS1240: Unable to resolve signature of property decorator when called as an expression.
  Argument of type 'ClassFieldDecoratorContext<Usuario, string> & { name: "orgGerencia"; private: false; static: false; }' is not assignable to parameter of type 'string | symbol'.
src/auth/entities/usuario.entity.ts(58,6): error TS1240: Unable to resolve signature of property decorator when called as an expression.
  Argument of type 'ClassFieldDecoratorContext<Usuario, string> & { name: "idOrg"; private: false; static: false; }' is not assignable to parameter of type 'string | symbol'.
src/auth/entities/usuario.entity.ts(61,6): error TS1240: Unable to resolve signature of property decorator when called as an expression.
  Argument of type 'ClassFieldDecoratorContext<Usuario, string> & { name: "jefeCarnet"; private: false; static: false; }' is not assignable to parameter of type 'string | symbol'.
src/auth/entities/usuario.entity.ts(64,6): error TS1240: Unable to resolve signature of property decorator when called as an expression.
  Argument of type 'ClassFieldDecoratorContext<Usuario, string> & { name: "jefeNombre"; private: false; static: false; }' is not assignable to parameter of type 'string | symbol'.
src/auth/entities/usuario.entity.ts(67,6): error TS1240: Unable to resolve signature of property decorator when called as an expression.
  Argument of type 'ClassFieldDecoratorContext<Usuario, string> & { name: "jefeCorreo"; private: false; static: false; }' is not assignable to parameter of type 'string | symbol'.
src/auth/entities/usuario.entity.ts(70,6): error TS1240: Unable to resolve signature of property decorator when called as an expression.
  Argument of type 'ClassFieldDecoratorContext<Usuario, Date> & { name: "fechaIngreso"; private: false; static: false; }' is not assignable to parameter of type 'string | symbol'.
src/auth/entities/usuario.entity.ts(73,6): error TS1240: Unable to resolve signature of property decorator when called as an expression.
  Argument of type 'ClassFieldDecoratorContext<Usuario, string> & { name: "genero"; private: false; static: false; }' is not assignable to parameter of type 'string | symbol'.
src/auth/entities/usuario.entity.ts(76,6): error TS1240: Unable to resolve signature of property decorator when called as an expression.
  Argument of type 'ClassFieldDecoratorContext<Usuario, string> & { name: "username"; private: false; static: false; }' is not assignable to parameter of type 'string | symbol'.
src/auth/entities/usuario.entity.ts(81,6): error TS1240: Unable to resolve signature of property decorator when called as an expression.
  Argument of type 'ClassFieldDecoratorContext<Usuario, string> & { name: "cedula"; private: false; static: false; }' is not assignable to parameter of type 'string | symbol'.
src/auth/entities/usuario.entity.ts(84,6): error TS1240: Unable to resolve signature of property decorator when called as an expression.
  Argument of type 'ClassFieldDecoratorContext<Usuario, string> & { name: "area"; private: false; static: false; }' is not assignable to parameter of type 'string | symbol'.
src/auth/entities/usuario.entity.ts(87,6): error TS1240: Unable to resolve signature of property decorator when called as an expression.
  Argument of type 'ClassFieldDecoratorContext<Usuario, string> & { name: "gerencia"; private: false; static: false; }' is not assignable to parameter of type 'string | symbol'.
src/auth/entities/usuario.entity.ts(90,6): error TS1240: Unable to resolve signature of property decorator when called as an expression.
  Argument of type 'ClassFieldDecoratorContext<Usuario, string> & { name: "subgerencia"; private: false; static: false; }' is not assignable to parameter of type 'string | symbol'.
src/auth/entities/usuario.entity.ts(93,6): error TS1240: Unable to resolve signature of property decorator when called as an expression.
  Argument of type 'ClassFieldDecoratorContext<Usuario, string> & { name: "ogerencia"; private: false; static: false; }' is not assignable to parameter of type 'string | symbol'.
src/auth/entities/usuario.entity.ts(96,6): error TS1240: Unable to resolve signature of property decorator when called as an expression.
  Argument of type 'ClassFieldDecoratorContext<Usuario, string> & { name: "direccion"; private: false; static: false; }' is not assignable to parameter of type 'string | symbol'.
src/auth/entities/usuario.entity.ts(99,6): error TS1240: Unable to resolve signature of property decorator when called as an expression.
  Argument of type 'ClassFieldDecoratorContext<Usuario, string> & { name: "empresa"; private: false; static: false; }' is not assignable to parameter of type 'string | symbol'.
src/auth/entities/usuario.entity.ts(102,6): error TS1240: Unable to resolve signature of property decorator when called as an expression.
  Argument of type 'ClassFieldDecoratorContext<Usuario, string> & { name: "ubicacion"; private: false; static: false; }' is not assignable to parameter of type 'string | symbol'.
src/auth/entities/usuario.entity.ts(106,6): error TS1240: Unable to resolve signature of property decorator when called as an expression.
  Argument of type 'ClassFieldDecoratorContext<Usuario, string> & { name: "primerNivel"; private: false; static: false; }' is not assignable to parameter of type 'string | symbol'.
src/auth/entities/usuario.entity.ts(109,6): error TS1240: Unable to resolve signature of property decorator when called as an expression.
  Argument of type 'ClassFieldDecoratorContext<Usuario, string> & { name: "segundoNivel"; private: false; static: false; }' is not assignable to parameter of type 'string | symbol'.
src/auth/entities/usuario.entity.ts(112,6): error TS1240: Unable to resolve signature of property decorator when called as an expression.
  Argument of type 'ClassFieldDecoratorContext<Usuario, string> & { name: "tercerNivel"; private: false; static: false; }' is not assignable to parameter of type 'string | symbol'.
src/auth/entities/usuario.entity.ts(115,6): error TS1240: Unable to resolve signature of property decorator when called as an expression.
  Argument of type 'ClassFieldDecoratorContext<Usuario, string> & { name: "cuartoNivel"; private: false; static: false; }' is not assignable to parameter of type 'string | symbol'.
src/auth/entities/usuario.entity.ts(118,6): error TS1240: Unable to resolve signature of property decorator when called as an expression.
  Argument of type 'ClassFieldDecoratorContext<Usuario, string> & { name: "quintoNivel"; private: false; static: false; }' is not assignable to parameter of type 'string | symbol'.
src/auth/entities/usuario.entity.ts(121,6): error TS1240: Unable to resolve signature of property decorator when called as an expression.
  Argument of type 'ClassFieldDecoratorContext<Usuario, string> & { name: "sextoNivel"; private: false; static: false; }' is not assignable to parameter of type 'string | symbol'.
src/auth/entities/usuario.entity.ts(125,6): error TS1240: Unable to resolve signature of property decorator when called as an expression.
  Argument of type 'ClassFieldDecoratorContext<Usuario, string> & { name: "carnetJefe2"; private: false; static: false; }' is not assignable to parameter of type 'string | symbol'.
src/auth/entities/usuario.entity.ts(128,6): error TS1240: Unable to resolve signature of property decorator when called as an expression.
  Argument of type 'ClassFieldDecoratorContext<Usuario, string> & { name: "carnetJefe3"; private: false; static: false; }' is not assignable to parameter of type 'string | symbol'.
src/auth/entities/usuario.entity.ts(131,6): error TS1240: Unable to resolve signature of property decorator when called as an expression.
  Argument of type 'ClassFieldDecoratorContext<Usuario, string> & { name: "carnetJefe4"; private: false; static: false; }' is not assignable to parameter of type 'string | symbol'.
src/auth/entities/usuario.entity.ts(135,6): error TS1240: Unable to resolve signature of property decorator when called as an expression.
  Argument of type 'ClassFieldDecoratorContext<Usuario, string> & { name: "tipoEmpleado"; private: false; static: false; }' is not assignable to parameter of type 'string | symbol'.
src/auth/entities/usuario.entity.ts(138,6): error TS1240: Unable to resolve signature of property decorator when called as an expression.
  Argument of type 'ClassFieldDecoratorContext<Usuario, string> & { name: "tipoContrato"; private: false; static: false; }' is not assignable to parameter of type 'string | symbol'.
src/auth/entities/usuario.entity.ts(141,6): error TS1240: Unable to resolve signature of property decorator when called as an expression.
  Argument of type 'ClassFieldDecoratorContext<Usuario, string> & { name: "fuenteDatos"; private: false; static: false; }' is not assignable to parameter of type 'string | symbol'.
src/auth/entities/usuario.entity.ts(144,6): error TS1240: Unable to resolve signature of property decorator when called as an expression.
  Argument of type 'ClassFieldDecoratorContext<Usuario, Date> & { name: "fechaCreacion"; private: false; static: false; }' is not assignable to parameter of type 'string | symbol'.
src/auth/entities/usuario.entity.ts(147,6): error TS1240: Unable to resolve signature of property decorator when called as an expression.
  Argument of type 'ClassFieldDecoratorContext<Usuario, UsuarioOrganizacion[]> & { name: "organizaciones"; private: false; static: false; }' is not assignable to parameter of type 'string | symbol'.
src/clarity/dto/clarity.dtos.ts(7,6): error TS1240: Unable to resolve signature of property decorator when called as an expression.
  Argument of type 'ClassFieldDecoratorContext<PaginationDto, number> & { name: "page"; private: false; static: false; }' is not assignable to parameter of type 'string | symbol'.
src/clarity/dto/clarity.dtos.ts(8,6): error TS1240: Unable to resolve signature of property decorator when called as an expression.
  Argument of type 'ClassFieldDecoratorContext<PaginationDto, number> & { name: "page"; private: false; static: false; }' is not assignable to parameter of type 'string | symbol'.
src/clarity/dto/clarity.dtos.ts(9,6): error TS1240: Unable to resolve signature of property decorator when called as an expression.
  Argument of type 'ClassFieldDecoratorContext<PaginationDto, number> & { name: "page"; private: false; static: false; }' is not assignable to parameter of type 'string | symbol'.
src/clarity/dto/clarity.dtos.ts(10,6): error TS1240: Unable to resolve signature of property decorator when called as an expression.
  Argument of type 'ClassFieldDecoratorContext<PaginationDto, number> & { name: "page"; private: false; static: false; }' is not assignable to parameter of type 'string | symbol'.
src/clarity/dto/clarity.dtos.ts(13,6): error TS1240: Unable to resolve signature of property decorator when called as an expression.
  Argument of type 'ClassFieldDecoratorContext<PaginationDto, number> & { name: "limit"; private: false; static: false; }' is not assignable to parameter of type 'string | symbol'.
src/clarity/dto/clarity.dtos.ts(14,6): error TS1240: Unable to resolve signature of property decorator when called as an expression.
  Argument of type 'ClassFieldDecoratorContext<PaginationDto, number> & { name: "limit"; private: false; static: false; }' is not assignable to parameter of type 'string | symbol'.
src/clarity/dto/clarity.dtos.ts(15,6): error TS1240: Unable to resolve signature of property decorator when called as an expression.
  Argument of type 'ClassFieldDecoratorContext<PaginationDto, number> & { name: "limit"; private: false; static: false; }' is not assignable to parameter of type 'string | symbol'.
src/clarity/dto/clarity.dtos.ts(16,6): error TS1240: Unable to resolve signature of property decorator when called as an expression.
  Argument of type 'ClassFieldDecoratorContext<PaginationDto, number> & { name: "limit"; private: false; static: false; }' is not assignable to parameter of type 'string | symbol'.
src/clarity/dto/clarity.dtos.ts(21,6): error TS1240: Unable to resolve signature of property decorator when called as an expression.
  Argument of type 'ClassFieldDecoratorContext<ProyectoFilterDto, string> & { name: "nombre"; private: false; static: false; }' is not assignable to parameter of type 'string | symbol'.
src/clarity/dto/clarity.dtos.ts(22,6): error TS1240: Unable to resolve signature of property decorator when called as an expression.
  Argument of type 'ClassFieldDecoratorContext<ProyectoFilterDto, string> & { name: "nombre"; private: false; static: false; }' is not assignable to parameter of type 'string | symbol'.
src/clarity/dto/clarity.dtos.ts(23,6): error TS1240: Unable to resolve signature of property decorator when called as an expression.
  Argument of type 'ClassFieldDecoratorContext<ProyectoFilterDto, string> & { name: "nombre"; private: false; static: false; }' is not assignable to parameter of type 'string | symbol'.
src/clarity/dto/clarity.dtos.ts(26,6): error TS1240: Unable to resolve signature of property decorator when called as an expression.
  Argument of type 'ClassFieldDecoratorContext<ProyectoFilterDto, string> & { name: "estado"; private: false; static: false; }' is not assignable to parameter of type 'string | symbol'.
src/clarity/dto/clarity.dtos.ts(27,6): error TS1240: Unable to resolve signature of property decorator when called as an expression.
  Argument of type 'ClassFieldDecoratorContext<ProyectoFilterDto, string> & { name: "estado"; private: false; static: false; }' is not assignable to parameter of type 'string | symbol'.
src/clarity/dto/clarity.dtos.ts(28,6): error TS1240: Unable to resolve signature of property decorator when called as an expression.
  Argument of type 'ClassFieldDecoratorContext<ProyectoFilterDto, string> & { name: "estado"; private: false; static: false; }' is not assignable to parameter of type 'string | symbol'.
src/clarity/dto/clarity.dtos.ts(31,6): error TS1240: Unable to resolve signature of property decorator when called as an expression.
  Argument of type 'ClassFieldDecoratorContext<ProyectoFilterDto, string> & { name: "gerencia"; private: false; static: false; }' is not assignable to parameter of type 'string | symbol'.
src/clarity/dto/clarity.dtos.ts(32,6): error TS1240: Unable to resolve signature of property decorator when called as an expression.
  Argument of type 'ClassFieldDecoratorContext<ProyectoFilterDto, string> & { name: "gerencia"; private: false; static: false; }' is not assignable to parameter of type 'string | symbol'.
src/clarity/dto/clarity.dtos.ts(33,6): error TS1240: Unable to resolve signature of property decorator when called as an expression.
  Argument of type 'ClassFieldDecoratorContext<ProyectoFilterDto, string> & { name: "gerencia"; private: false; static: false; }' is not assignable to parameter of type 'string | symbol'.
src/clarity/dto/clarity.dtos.ts(36,6): error TS1240: Unable to resolve signature of property decorator when called as an expression.
  Argument of type 'ClassFieldDecoratorContext<ProyectoFilterDto, string> & { name: "subgerencia"; private: false; static: false; }' is not assignable to parameter of type 'string | symbol'.
src/clarity/dto/clarity.dtos.ts(37,6): error TS1240: Unable to resolve signature of property decorator when called as an expression.
  Argument of type 'ClassFieldDecoratorContext<ProyectoFilterDto, string> & { name: "subgerencia"; private: false; static: false; }' is not assignable to parameter of type 'string | symbol'.
src/clarity/dto/clarity.dtos.ts(38,6): error TS1240: Unable to resolve signature of property decorator when called as an expression.
  Argument of type 'ClassFieldDecoratorContext<ProyectoFilterDto, string> & { name: "subgerencia"; private: false; static: false; }' is not assignable to parameter of type 'string | symbol'.
src/clarity/dto/clarity.dtos.ts(41,6): error TS1240: Unable to resolve signature of property decorator when called as an expression.
  Argument of type 'ClassFieldDecoratorContext<ProyectoFilterDto, string> & { name: "area"; private: false; static: false; }' is not assignable to parameter of type 'string | symbol'.
src/clarity/dto/clarity.dtos.ts(42,6): error TS1240: Unable to resolve signature of property decorator when called as an expression.
  Argument of type 'ClassFieldDecoratorContext<ProyectoFilterDto, string> & { name: "area"; private: false; static: false; }' is not assignable to parameter of type 'string | symbol'.
src/clarity/dto/clarity.dtos.ts(43,6): error TS1240: Unable to resolve signature of property decorator when called as an expression.
  Argument of type 'ClassFieldDecoratorContext<ProyectoFilterDto, string> & { name: "area"; private: false; static: false; }' is not assignable to parameter of type 'string | symbol'.
src/clarity/dto/clarity.dtos.ts(48,6): error TS1240: Unable to resolve signature of property decorator when called as an expression.
  Argument of type 'ClassFieldDecoratorContext<AuditFilterDto, number> & { name: "idUsuario"; private: false; static: false; }' is not assignable to parameter of type 'string | symbol'.
src/clarity/dto/clarity.dtos.ts(49,6): error TS1240: Unable to resolve signature of property decorator when called as an expression.
  Argument of type 'ClassFieldDecoratorContext<AuditFilterDto, number> & { name: "idUsuario"; private: false; static: false; }' is not assignable to parameter of type 'string | symbol'.
src/clarity/dto/clarity.dtos.ts(50,6): error TS1240: Unable to resolve signature of property decorator when called as an expression.
  Argument of type 'ClassFieldDecoratorContext<AuditFilterDto, number> & { name: "idUsuario"; private: false; static: false; }' is not assignable to parameter of type 'string | symbol'.
src/clarity/dto/clarity.dtos.ts(51,6): error TS1240: Unable to resolve signature of property decorator when called as an expression.
  Argument of type 'ClassFieldDecoratorContext<AuditFilterDto, number> & { name: "idUsuario"; private: false; static: false; }' is not assignable to parameter of type 'string | symbol'.
src/clarity/dto/clarity.dtos.ts(54,6): error TS1240: Unable to resolve signature of property decorator when called as an expression.
  Argument of type 'ClassFieldDecoratorContext<AuditFilterDto, string> & { name: "accion"; private: false; static: false; }' is not assignable to parameter of type 'string | symbol'.
src/clarity/dto/clarity.dtos.ts(55,6): error TS1240: Unable to resolve signature of property decorator when called as an expression.
  Argument of type 'ClassFieldDecoratorContext<AuditFilterDto, string> & { name: "accion"; private: false; static: false; }' is not assignable to parameter of type 'string | symbol'.
src/clarity/dto/clarity.dtos.ts(56,6): error TS1240: Unable to resolve signature of property decorator when called as an expression.
  Argument of type 'ClassFieldDecoratorContext<AuditFilterDto, string> & { name: "accion"; private: false; static: false; }' is not assignable to parameter of type 'string | symbol'.
src/clarity/dto/clarity.dtos.ts(59,6): error TS1240: Unable to resolve signature of property decorator when called as an expression.
  Argument of type 'ClassFieldDecoratorContext<AuditFilterDto, string> & { name: "recurso"; private: false; static: false; }' is not assignable to parameter of type 'string | symbol'.
src/clarity/dto/clarity.dtos.ts(60,6): error TS1240: Unable to resolve signature of property decorator when called as an expression.
  Argument of type 'ClassFieldDecoratorContext<AuditFilterDto, string> & { name: "recurso"; private: false; static: false; }' is not assignable to parameter of type 'string | symbol'.
src/clarity/dto/clarity.dtos.ts(61,6): error TS1240: Unable to resolve signature of property decorator when called as an expression.
  Argument of type 'ClassFieldDecoratorContext<AuditFilterDto, string> & { name: "recurso"; private: false; static: false; }' is not assignable to parameter of type 'string | symbol'.
src/clarity/dto/clarity.dtos.ts(64,6): error TS1240: Unable to resolve signature of property decorator when called as an expression.
  Argument of type 'ClassFieldDecoratorContext<AuditFilterDto, string> & { name: "query"; private: false; static: false; }' is not assignable to parameter of type 'string | symbol'.
src/clarity/dto/clarity.dtos.ts(65,6): error TS1240: Unable to resolve signature of property decorator when called as an expression.
  Argument of type 'ClassFieldDecoratorContext<AuditFilterDto, string> & { name: "query"; private: false; static: false; }' is not assignable to parameter of type 'string | symbol'.
src/clarity/dto/clarity.dtos.ts(66,6): error TS1240: Unable to resolve signature of property decorator when called as an expression.
  Argument of type 'ClassFieldDecoratorContext<AuditFilterDto, string> & { name: "query"; private: false; static: false; }' is not assignable to parameter of type 'string | symbol'.
src/clarity/dto/clarity.dtos.ts(71,6): error TS1240: Unable to resolve signature of property decorator when called as an expression.
  Argument of type 'ClassFieldDecoratorContext<FechaQueryDto, string> & { name: "fecha"; private: false; static: false; }' is not assignable to parameter of type 'string | symbol'.
src/clarity/dto/clarity.dtos.ts(72,6): error TS1240: Unable to resolve signature of property decorator when called as an expression.
  Argument of type 'ClassFieldDecoratorContext<FechaQueryDto, string> & { name: "fecha"; private: false; static: false; }' is not assignable to parameter of type 'string | symbol'.
src/clarity/dto/clarity.dtos.ts(77,6): error TS1240: Unable to resolve signature of property decorator when called as an expression.
  Argument of type 'ClassFieldDecoratorContext<CheckinUpsertDto, number> & { name: "idUsuario"; private: false; static: false; }' is not assignable to parameter of type 'string | symbol'.
src/clarity/dto/clarity.dtos.ts(78,6): error TS1240: Unable to resolve signature of property decorator when called as an expression.
  Argument of type 'ClassFieldDecoratorContext<CheckinUpsertDto, number> & { name: "idUsuario"; private: false; static: false; }' is not assignable to parameter of type 'string | symbol'.
src/clarity/dto/clarity.dtos.ts(79,6): error TS1240: Unable to resolve signature of property decorator when called as an expression.
  Argument of type 'ClassFieldDecoratorContext<CheckinUpsertDto, number> & { name: "idUsuario"; private: false; static: false; }' is not assignable to parameter of type 'string | symbol'.
src/clarity/dto/clarity.dtos.ts(82,6): error TS1240: Unable to resolve signature of property decorator when called as an expression.
  Argument of type 'ClassFieldDecoratorContext<CheckinUpsertDto, string> & { name: "fecha"; private: false; static: false; }' is not assignable to parameter of type 'string | symbol'.
src/clarity/dto/clarity.dtos.ts(83,6): error TS1240: Unable to resolve signature of property decorator when called as an expression.
  Argument of type 'ClassFieldDecoratorContext<CheckinUpsertDto, string> & { name: "fecha"; private: false; static: false; }' is not assignable to parameter of type 'string | symbol'.
src/clarity/dto/clarity.dtos.ts(86,6): error TS1240: Unable to resolve signature of property decorator when called as an expression.
  Argument of type 'ClassFieldDecoratorContext<CheckinUpsertDto, string> & { name: "entregableTexto"; private: false; static: false; }' is not assignable to parameter of type 'string | symbol'.
src/clarity/dto/clarity.dtos.ts(87,6): error TS1240: Unable to resolve signature of property decorator when called as an expression.
  Argument of type 'ClassFieldDecoratorContext<CheckinUpsertDto, string> & { name: "entregableTexto"; private: false; static: false; }' is not assignable to parameter of type 'string | symbol'.
src/clarity/dto/clarity.dtos.ts(88,6): error TS1240: Unable to resolve signature of property decorator when called as an expression.
  Argument of type 'ClassFieldDecoratorContext<CheckinUpsertDto, string> & { name: "entregableTexto"; private: false; static: false; }' is not assignable to parameter of type 'string | symbol'.
src/clarity/dto/clarity.dtos.ts(89,6): error TS1240: Unable to resolve signature of property decorator when called as an expression.
  Argument of type 'ClassFieldDecoratorContext<CheckinUpsertDto, string> & { name: "entregableTexto"; private: false; static: false; }' is not assignable to parameter of type 'string | symbol'.
src/clarity/dto/clarity.dtos.ts(90,6): error TS1240: Unable to resolve signature of property decorator when called as an expression.
  Argument of type 'ClassFieldDecoratorContext<CheckinUpsertDto, string> & { name: "entregableTexto"; private: false; static: false; }' is not assignable to parameter of type 'string | symbol'.
src/clarity/dto/clarity.dtos.ts(93,6): error TS1240: Unable to resolve signature of property decorator when called as an expression.
  Argument of type 'ClassFieldDecoratorContext<CheckinUpsertDto, string> & { name: "nota"; private: false; static: false; }' is not assignable to parameter of type 'string | symbol'.
src/clarity/dto/clarity.dtos.ts(94,6): error TS1240: Unable to resolve signature of property decorator when called as an expression.
  Argument of type 'ClassFieldDecoratorContext<CheckinUpsertDto, string> & { name: "nota"; private: false; static: false; }' is not assignable to parameter of type 'string | symbol'.
src/clarity/dto/clarity.dtos.ts(95,6): error TS1240: Unable to resolve signature of property decorator when called as an expression.
  Argument of type 'ClassFieldDecoratorContext<CheckinUpsertDto, string> & { name: "nota"; private: false; static: false; }' is not assignable to parameter of type 'string | symbol'.
src/clarity/dto/clarity.dtos.ts(96,6): error TS1240: Unable to resolve signature of property decorator when called as an expression.
  Argument of type 'ClassFieldDecoratorContext<CheckinUpsertDto, string> & { name: "nota"; private: false; static: false; }' is not assignable to parameter of type 'string | symbol'.
src/clarity/dto/clarity.dtos.ts(97,6): error TS1240: Unable to resolve signature of property decorator when called as an expression.
  Argument of type 'ClassFieldDecoratorContext<CheckinUpsertDto, string> & { name: "nota"; private: false; static: false; }' is not assignable to parameter of type 'string | symbol'.
src/clarity/dto/clarity.dtos.ts(100,6): error TS1240: Unable to resolve signature of property decorator when called as an expression.
  Argument of type 'ClassFieldDecoratorContext<CheckinUpsertDto, string> & { name: "linkEvidencia"; private: false; static: false; }' is not assignable to parameter of type 'string | symbol'.
src/clarity/dto/clarity.dtos.ts(101,6): error TS1240: Unable to resolve signature of property decorator when called as an expression.
  Argument of type 'ClassFieldDecoratorContext<CheckinUpsertDto, string> & { name: "linkEvidencia"; private: false; static: false; }' is not assignable to parameter of type 'string | symbol'.
src/clarity/dto/clarity.dtos.ts(102,6): error TS1240: Unable to resolve signature of property decorator when called as an expression.
  Argument of type 'ClassFieldDecoratorContext<CheckinUpsertDto, string> & { name: "linkEvidencia"; private: false; static: false; }' is not assignable to parameter of type 'string | symbol'.
src/clarity/dto/clarity.dtos.ts(103,6): error TS1240: Unable to resolve signature of property decorator when called as an expression.
  Argument of type 'ClassFieldDecoratorContext<CheckinUpsertDto, string> & { name: "linkEvidencia"; private: false; static: false; }' is not assignable to parameter of type 'string | symbol'.
src/clarity/dto/clarity.dtos.ts(106,6): error TS1240: Unable to resolve signature of property decorator when called as an expression.
  Argument of type 'ClassFieldDecoratorContext<CheckinUpsertDto, number> & { name: "idNodo"; private: false; static: false; }' is not assignable to parameter of type 'string | symbol'.
src/clarity/dto/clarity.dtos.ts(107,6): error TS1240: Unable to resolve signature of property decorator when called as an expression.
  Argument of type 'ClassFieldDecoratorContext<CheckinUpsertDto, number> & { name: "idNodo"; private: false; static: false; }' is not assignable to parameter of type 'string | symbol'.
src/clarity/dto/clarity.dtos.ts(108,6): error TS1240: Unable to resolve signature of property decorator when called as an expression.
  Argument of type 'ClassFieldDecoratorContext<CheckinUpsertDto, number> & { name: "idNodo"; private: false; static: false; }' is not assignable to parameter of type 'string | symbol'.
src/clarity/dto/clarity.dtos.ts(111,6): error TS1240: Unable to resolve signature of property decorator when called as an expression.
  Argument of type 'ClassFieldDecoratorContext<CheckinUpsertDto, number[]> & { name: "entrego"; private: false; static: false; }' is not assignable to parameter of type 'string | symbol'.
src/clarity/dto/clarity.dtos.ts(112,6): error TS1240: Unable to resolve signature of property decorator when called as an expression.
  Argument of type 'ClassFieldDecoratorContext<CheckinUpsertDto, number[]> & { name: "entrego"; private: false; static: false; }' is not assignable to parameter of type 'string | symbol'.
src/clarity/dto/clarity.dtos.ts(113,6): error TS1240: Unable to resolve signature of property decorator when called as an expression.
  Argument of type 'ClassFieldDecoratorContext<CheckinUpsertDto, number[]> & { name: "entrego"; private: false; static: false; }' is not assignable to parameter of type 'string | symbol'.
src/clarity/dto/clarity.dtos.ts(116,6): error TS1240: Unable to resolve signature of property decorator when called as an expression.
  Argument of type 'ClassFieldDecoratorContext<CheckinUpsertDto, number[]> & { name: "avanzo"; private: false; static: false; }' is not assignable to parameter of type 'string | symbol'.
src/clarity/dto/clarity.dtos.ts(117,6): error TS1240: Unable to resolve signature of property decorator when called as an expression.
  Argument of type 'ClassFieldDecoratorContext<CheckinUpsertDto, number[]> & { name: "avanzo"; private: false; static: false; }' is not assignable to parameter of type 'string | symbol'.
src/clarity/dto/clarity.dtos.ts(118,6): error TS1240: Unable to resolve signature of property decorator when called as an expression.
  Argument of type 'ClassFieldDecoratorContext<CheckinUpsertDto, number[]> & { name: "avanzo"; private: false; static: false; }' is not assignable to parameter of type 'string | symbol'.
src/clarity/dto/clarity.dtos.ts(121,6): error TS1240: Unable to resolve signature of property decorator when called as an expression.
  Argument of type 'ClassFieldDecoratorContext<CheckinUpsertDto, number[]> & { name: "extras"; private: false; static: false; }' is not assignable to parameter of type 'string | symbol'.
src/clarity/dto/clarity.dtos.ts(122,6): error TS1240: Unable to resolve signature of property decorator when called as an expression.
  Argument of type 'ClassFieldDecoratorContext<CheckinUpsertDto, number[]> & { name: "extras"; private: false; static: false; }' is not assignable to parameter of type 'string | symbol'.
src/clarity/dto/clarity.dtos.ts(123,6): error TS1240: Unable to resolve signature of property decorator when called as an expression.
  Argument of type 'ClassFieldDecoratorContext<CheckinUpsertDto, number[]> & { name: "extras"; private: false; static: false; }' is not assignable to parameter of type 'string | symbol'.
src/clarity/dto/clarity.dtos.ts(126,6): error TS1240: Unable to resolve signature of property decorator when called as an expression.
  Argument of type 'ClassFieldDecoratorContext<CheckinUpsertDto, "Tope" | "Bien" | "Bajo"> & { name: "estadoAnimo"; private: false; static: false; }' is not assignable to parameter of type 'string | symbol'.
src/clarity/dto/clarity.dtos.ts(127,6): error TS1240: Unable to resolve signature of property decorator when called as an expression.
  Argument of type 'ClassFieldDecoratorContext<CheckinUpsertDto, "Tope" | "Bien" | "Bajo"> & { name: "estadoAnimo"; private: false; static: false; }' is not assignable to parameter of type 'string | symbol'.
src/clarity/dto/clarity.dtos.ts(128,6): error TS1240: Unable to resolve signature of property decorator when called as an expression.
  Argument of type 'ClassFieldDecoratorContext<CheckinUpsertDto, "Tope" | "Bien" | "Bajo"> & { name: "estadoAnimo"; private: false; static: false; }' is not assignable to parameter of type 'string | symbol'.
src/clarity/dto/clarity.dtos.ts(133,6): error TS1240: Unable to resolve signature of property decorator when called as an expression.
  Argument of type 'ClassFieldDecoratorContext<TareaCrearRapidaDto, number> & { name: "idUsuario"; private: false; static: false; }' is not assignable to parameter of type 'string | symbol'.
src/clarity/dto/clarity.dtos.ts(134,6): error TS1240: Unable to resolve signature of property decorator when called as an expression.
  Argument of type 'ClassFieldDecoratorContext<TareaCrearRapidaDto, number> & { name: "idUsuario"; private: false; static: false; }' is not assignable to parameter of type 'string | symbol'.
src/clarity/dto/clarity.dtos.ts(135,6): error TS1240: Unable to resolve signature of property decorator when called as an expression.
  Argument of type 'ClassFieldDecoratorContext<TareaCrearRapidaDto, number> & { name: "idUsuario"; private: false; static: false; }' is not assignable to parameter of type 'string | symbol'.
src/clarity/dto/clarity.dtos.ts(138,6): error TS1240: Unable to resolve signature of property decorator when called as an expression.
  Argument of type 'ClassFieldDecoratorContext<TareaCrearRapidaDto, number> & { name: "idProyecto"; private: false; static: false; }' is not assignable to parameter of type 'string | symbol'.
src/clarity/dto/clarity.dtos.ts(139,6): error TS1240: Unable to resolve signature of property decorator when called as an expression.
  Argument of type 'ClassFieldDecoratorContext<TareaCrearRapidaDto, number> & { name: "idProyecto"; private: false; static: false; }' is not assignable to parameter of type 'string | symbol'.
src/clarity/dto/clarity.dtos.ts(140,6): error TS1240: Unable to resolve signature of property decorator when called as an expression.
  Argument of type 'ClassFieldDecoratorContext<TareaCrearRapidaDto, number> & { name: "idProyecto"; private: false; static: false; }' is not assignable to parameter of type 'string | symbol'.
src/clarity/dto/clarity.dtos.ts(143,6): error TS1240: Unable to resolve signature of property decorator when called as an expression.
  Argument of type 'ClassFieldDecoratorContext<TareaCrearRapidaDto, string> & { name: "titulo"; private: false; static: false; }' is not assignable to parameter of type 'string | symbol'.
src/clarity/dto/clarity.dtos.ts(144,6): error TS1240: Unable to resolve signature of property decorator when called as an expression.
  Argument of type 'ClassFieldDecoratorContext<TareaCrearRapidaDto, string> & { name: "titulo"; private: false; static: false; }' is not assignable to parameter of type 'string | symbol'.
src/clarity/dto/clarity.dtos.ts(145,6): error TS1240: Unable to resolve signature of property decorator when called as an expression.
  Argument of type 'ClassFieldDecoratorContext<TareaCrearRapidaDto, string> & { name: "titulo"; private: false; static: false; }' is not assignable to parameter of type 'string | symbol'.
src/clarity/dto/clarity.dtos.ts(146,6): error TS1240: Unable to resolve signature of property decorator when called as an expression.
  Argument of type 'ClassFieldDecoratorContext<TareaCrearRapidaDto, string> & { name: "titulo"; private: false; static: false; }' is not assignable to parameter of type 'string | symbol'.
src/clarity/dto/clarity.dtos.ts(147,6): error TS1240: Unable to resolve signature of property decorator when called as an expression.
  Argument of type 'ClassFieldDecoratorContext<TareaCrearRapidaDto, string> & { name: "titulo"; private: false; static: false; }' is not assignable to parameter of type 'string | symbol'.
src/clarity/dto/clarity.dtos.ts(150,6): error TS1240: Unable to resolve signature of property decorator when called as an expression.
  Argument of type 'ClassFieldDecoratorContext<TareaCrearRapidaDto, string> & { name: "prioridad"; private: false; static: false; }' is not assignable to parameter of type 'string | symbol'.
src/clarity/dto/clarity.dtos.ts(151,6): error TS1240: Unable to resolve signature of property decorator when called as an expression.
  Argument of type 'ClassFieldDecoratorContext<TareaCrearRapidaDto, string> & { name: "prioridad"; private: false; static: false; }' is not assignable to parameter of type 'string | symbol'.
src/clarity/dto/clarity.dtos.ts(152,6): error TS1240: Unable to resolve signature of property decorator when called as an expression.
  Argument of type 'ClassFieldDecoratorContext<TareaCrearRapidaDto, string> & { name: "prioridad"; private: false; static: false; }' is not assignable to parameter of type 'string | symbol'.
src/clarity/dto/clarity.dtos.ts(155,6): error TS1240: Unable to resolve signature of property decorator when called as an expression.
  Argument of type 'ClassFieldDecoratorContext<TareaCrearRapidaDto, string> & { name: "esfuerzo"; private: false; static: false; }' is not assignable to parameter of type 'string | symbol'.
src/clarity/dto/clarity.dtos.ts(156,6): error TS1240: Unable to resolve signature of property decorator when called as an expression.
  Argument of type 'ClassFieldDecoratorContext<TareaCrearRapidaDto, string> & { name: "esfuerzo"; private: false; static: false; }' is not assignable to parameter of type 'string | symbol'.
src/clarity/dto/clarity.dtos.ts(157,6): error TS1240: Unable to resolve signature of property decorator when called as an expression.
  Argument of type 'ClassFieldDecoratorContext<TareaCrearRapidaDto, string> & { name: "esfuerzo"; private: false; static: false; }' is not assignable to parameter of type 'string | symbol'.
src/clarity/dto/clarity.dtos.ts(160,6): error TS1240: Unable to resolve signature of property decorator when called as an expression.
  Argument of type 'ClassFieldDecoratorContext<TareaCrearRapidaDto, string> & { name: "tipo"; private: false; static: false; }' is not assignable to parameter of type 'string | symbol'.
src/clarity/dto/clarity.dtos.ts(161,6): error TS1240: Unable to resolve signature of property decorator when called as an expression.
  Argument of type 'ClassFieldDecoratorContext<TareaCrearRapidaDto, string> & { name: "tipo"; private: false; static: false; }' is not assignable to parameter of type 'string | symbol'.
src/clarity/dto/clarity.dtos.ts(162,6): error TS1240: Unable to resolve signature of property decorator when called as an expression.
  Argument of type 'ClassFieldDecoratorContext<TareaCrearRapidaDto, string> & { name: "tipo"; private: false; static: false; }' is not assignable to parameter of type 'string | symbol'.
src/clarity/dto/clarity.dtos.ts(165,6): error TS1240: Unable to resolve signature of property decorator when called as an expression.
  Argument of type 'ClassFieldDecoratorContext<TareaCrearRapidaDto, string> & { name: "fechaInicioPlanificada"; private: false; static: false; }' is not assignable to parameter of type 'string | symbol'.
src/clarity/dto/clarity.dtos.ts(166,6): error TS1240: Unable to resolve signature of property decorator when called as an expression.
  Argument of type 'ClassFieldDecoratorContext<TareaCrearRapidaDto, string> & { name: "fechaInicioPlanificada"; private: false; static: false; }' is not assignable to parameter of type 'string | symbol'.
src/clarity/dto/clarity.dtos.ts(167,6): error TS1240: Unable to resolve signature of property decorator when called as an expression.
  Argument of type 'ClassFieldDecoratorContext<TareaCrearRapidaDto, string> & { name: "fechaInicioPlanificada"; private: false; static: false; }' is not assignable to parameter of type 'string | symbol'.
src/clarity/dto/clarity.dtos.ts(170,6): error TS1240: Unable to resolve signature of property decorator when called as an expression.
  Argument of type 'ClassFieldDecoratorContext<TareaCrearRapidaDto, number> & { name: "idResponsable"; private: false; static: false; }' is not assignable to parameter of type 'string | symbol'.
src/clarity/dto/clarity.dtos.ts(171,6): error TS1240: Unable to resolve signature of property decorator when called as an expression.
  Argument of type 'ClassFieldDecoratorContext<TareaCrearRapidaDto, number> & { name: "idResponsable"; private: false; static: false; }' is not assignable to parameter of type 'string | symbol'.
src/clarity/dto/clarity.dtos.ts(172,6): error TS1240: Unable to resolve signature of property decorator when called as an expression.
  Argument of type 'ClassFieldDecoratorContext<TareaCrearRapidaDto, number> & { name: "idResponsable"; private: false; static: false; }' is not assignable to parameter of type 'string | symbol'.
src/clarity/dto/clarity.dtos.ts(175,6): error TS1240: Unable to resolve signature of property decorator when called as an expression.
  Argument of type 'ClassFieldDecoratorContext<TareaCrearRapidaDto, string> & { name: "fechaObjetivo"; private: false; static: false; }' is not assignable to parameter of type 'string | symbol'.
src/clarity/dto/clarity.dtos.ts(176,6): error TS1240: Unable to resolve signature of property decorator when called as an expression.
  Argument of type 'ClassFieldDecoratorContext<TareaCrearRapidaDto, string> & { name: "fechaObjetivo"; private: false; static: false; }' is not assignable to parameter of type 'string | symbol'.
src/clarity/dto/clarity.dtos.ts(177,6): error TS1240: Unable to resolve signature of property decorator when called as an expression.
  Argument of type 'ClassFieldDecoratorContext<TareaCrearRapidaDto, string> & { name: "fechaObjetivo"; private: false; static: false; }' is not assignable to parameter of type 'string | symbol'.
src/clarity/dto/clarity.dtos.ts(180,6): error TS1240: Unable to resolve signature of property decorator when called as an expression.
  Argument of type 'ClassFieldDecoratorContext<TareaCrearRapidaDto, string> & { name: "descripcion"; private: false; static: false; }' is not assignable to parameter of type 'string | symbol'.
src/clarity/dto/clarity.dtos.ts(181,6): error TS1240: Unable to resolve signature of property decorator when called as an expression.
  Argument of type 'ClassFieldDecoratorContext<TareaCrearRapidaDto, string> & { name: "descripcion"; private: false; static: false; }' is not assignable to parameter of type 'string | symbol'.
src/clarity/dto/clarity.dtos.ts(182,6): error TS1240: Unable to resolve signature of property decorator when called as an expression.
  Argument of type 'ClassFieldDecoratorContext<TareaCrearRapidaDto, string> & { name: "descripcion"; private: false; static: false; }' is not assignable to parameter of type 'string | symbol'.
src/clarity/dto/clarity.dtos.ts(187,6): error TS1240: Unable to resolve signature of property decorator when called as an expression.
  Argument of type 'ClassFieldDecoratorContext<TareaActualizarDto, string> & { name: "titulo"; private: false; static: false; }' is not assignable to parameter of type 'string | symbol'.
src/clarity/dto/clarity.dtos.ts(188,6): error TS1240: Unable to resolve signature of property decorator when called as an expression.
  Argument of type 'ClassFieldDecoratorContext<TareaActualizarDto, string> & { name: "titulo"; private: false; static: false; }' is not assignable to parameter of type 'string | symbol'.
src/clarity/dto/clarity.dtos.ts(189,6): error TS1240: Unable to resolve signature of property decorator when called as an expression.
  Argument of type 'ClassFieldDecoratorContext<TareaActualizarDto, string> & { name: "titulo"; private: false; static: false; }' is not assignable to parameter of type 'string | symbol'.
src/clarity/dto/clarity.dtos.ts(190,6): error TS1240: Unable to resolve signature of property decorator when called as an expression.
  Argument of type 'ClassFieldDecoratorContext<TareaActualizarDto, string> & { name: "titulo"; private: false; static: false; }' is not assignable to parameter of type 'string | symbol'.
src/clarity/dto/clarity.dtos.ts(191,6): error TS1240: Unable to resolve signature of property decorator when called as an expression.
  Argument of type 'ClassFieldDecoratorContext<TareaActualizarDto, string> & { name: "titulo"; private: false; static: false; }' is not assignable to parameter of type 'string | symbol'.
src/clarity/dto/clarity.dtos.ts(194,6): error TS1240: Unable to resolve signature of property decorator when called as an expression.
  Argument of type 'ClassFieldDecoratorContext<TareaActualizarDto, string> & { name: "estado"; private: false; static: false; }' is not assignable to parameter of type 'string | symbol'.
src/clarity/dto/clarity.dtos.ts(195,6): error TS1240: Unable to resolve signature of property decorator when called as an expression.
  Argument of type 'ClassFieldDecoratorContext<TareaActualizarDto, string> & { name: "estado"; private: false; static: false; }' is not assignable to parameter of type 'string | symbol'.
src/clarity/dto/clarity.dtos.ts(196,6): error TS1240: Unable to resolve signature of property decorator when called as an expression.
  Argument of type 'ClassFieldDecoratorContext<TareaActualizarDto, string> & { name: "estado"; private: false; static: false; }' is not assignable to parameter of type 'string | symbol'.
src/clarity/dto/clarity.dtos.ts(199,6): error TS1240: Unable to resolve signature of property decorator when called as an expression.
  Argument of type 'ClassFieldDecoratorContext<TareaActualizarDto, string> & { name: "prioridad"; private: false; static: false; }' is not assignable to parameter of type 'string | symbol'.
src/clarity/dto/clarity.dtos.ts(200,6): error TS1240: Unable to resolve signature of property decorator when called as an expression.
  Argument of type 'ClassFieldDecoratorContext<TareaActualizarDto, string> & { name: "prioridad"; private: false; static: false; }' is not assignable to parameter of type 'string | symbol'.
src/clarity/dto/clarity.dtos.ts(201,6): error TS1240: Unable to resolve signature of property decorator when called as an expression.
  Argument of type 'ClassFieldDecoratorContext<TareaActualizarDto, string> & { name: "prioridad"; private: false; static: false; }' is not assignable to parameter of type 'string | symbol'.
src/clarity/dto/clarity.dtos.ts(204,6): error TS1240: Unable to resolve signature of property decorator when called as an expression.
  Argument of type 'ClassFieldDecoratorContext<TareaActualizarDto, number> & { name: "progreso"; private: false; static: false; }' is not assignable to parameter of type 'string | symbol'.
src/clarity/dto/clarity.dtos.ts(205,6): error TS1240: Unable to resolve signature of property decorator when called as an expression.
  Argument of type 'ClassFieldDecoratorContext<TareaActualizarDto, number> & { name: "progreso"; private: false; static: false; }' is not assignable to parameter of type 'string | symbol'.
src/clarity/dto/clarity.dtos.ts(206,6): error TS1240: Unable to resolve signature of property decorator when called as an expression.
  Argument of type 'ClassFieldDecoratorContext<TareaActualizarDto, number> & { name: "progreso"; private: false; static: false; }' is not assignable to parameter of type 'string | symbol'.
src/clarity/dto/clarity.dtos.ts(207,6): error TS1240: Unable to resolve signature of property decorator when called as an expression.
  Argument of type 'ClassFieldDecoratorContext<TareaActualizarDto, number> & { name: "progreso"; private: false; static: false; }' is not assignable to parameter of type 'string | symbol'.
src/clarity/dto/clarity.dtos.ts(208,6): error TS1240: Unable to resolve signature of property decorator when called as an expression.
  Argument of type 'ClassFieldDecoratorContext<TareaActualizarDto, number> & { name: "progreso"; private: false; static: false; }' is not assignable to parameter of type 'string | symbol'.
src/clarity/dto/clarity.dtos.ts(211,6): error TS1240: Unable to resolve signature of property decorator when called as an expression.
  Argument of type 'ClassFieldDecoratorContext<TareaActualizarDto, string> & { name: "esfuerzo"; private: false; static: false; }' is not assignable to parameter of type 'string | symbol'.
src/clarity/dto/clarity.dtos.ts(212,6): error TS1240: Unable to resolve signature of property decorator when called as an expression.
  Argument of type 'ClassFieldDecoratorContext<TareaActualizarDto, string> & { name: "esfuerzo"; private: false; static: false; }' is not assignable to parameter of type 'string | symbol'.
src/clarity/dto/clarity.dtos.ts(215,6): error TS1240: Unable to resolve signature of property decorator when called as an expression.
  Argument of type 'ClassFieldDecoratorContext<TareaActualizarDto, string> & { name: "tipo"; private: false; static: false; }' is not assignable to parameter of type 'string | symbol'.
src/clarity/dto/clarity.dtos.ts(216,6): error TS1240: Unable to resolve signature of property decorator when called as an expression.
  Argument of type 'ClassFieldDecoratorContext<TareaActualizarDto, string> & { name: "tipo"; private: false; static: false; }' is not assignable to parameter of type 'string | symbol'.
src/clarity/dto/clarity.dtos.ts(217,6): error TS1240: Unable to resolve signature of property decorator when called as an expression.
  Argument of type 'ClassFieldDecoratorContext<TareaActualizarDto, string> & { name: "tipo"; private: false; static: false; }' is not assignable to parameter of type 'string | symbol'.
src/clarity/dto/clarity.dtos.ts(220,6): error TS1240: Unable to resolve signature of property decorator when called as an expression.
  Argument of type 'ClassFieldDecoratorContext<TareaActualizarDto, string> & { name: "fechaInicioPlanificada"; private: false; static: false; }' is not assignable to parameter of type 'string | symbol'.
src/clarity/dto/clarity.dtos.ts(221,6): error TS1240: Unable to resolve signature of property decorator when called as an expression.
  Argument of type 'ClassFieldDecoratorContext<TareaActualizarDto, string> & { name: "fechaInicioPlanificada"; private: false; static: false; }' is not assignable to parameter of type 'string | symbol'.
src/clarity/dto/clarity.dtos.ts(224,6): error TS1240: Unable to resolve signature of property decorator when called as an expression.
  Argument of type 'ClassFieldDecoratorContext<TareaActualizarDto, string> & { name: "fechaObjetivo"; private: false; static: false; }' is not assignable to parameter of type 'string | symbol'.
src/clarity/dto/clarity.dtos.ts(225,6): error TS1240: Unable to resolve signature of property decorator when called as an expression.
  Argument of type 'ClassFieldDecoratorContext<TareaActualizarDto, string> & { name: "fechaObjetivo"; private: false; static: false; }' is not assignable to parameter of type 'string | symbol'.
src/clarity/dto/clarity.dtos.ts(228,6): error TS1240: Unable to resolve signature of property decorator when called as an expression.
  Argument of type 'ClassFieldDecoratorContext<TareaActualizarDto, string> & { name: "descripcion"; private: false; static: false; }' is not assignable to parameter of type 'string | symbol'.
src/clarity/dto/clarity.dtos.ts(229,6): error TS1240: Unable to resolve signature of property decorator when called as an expression.
  Argument of type 'ClassFieldDecoratorContext<TareaActualizarDto, string> & { name: "descripcion"; private: false; static: false; }' is not assignable to parameter of type 'string | symbol'.
src/clarity/dto/clarity.dtos.ts(230,6): error TS1240: Unable to resolve signature of property decorator when called as an expression.
  Argument of type 'ClassFieldDecoratorContext<TareaActualizarDto, string> & { name: "descripcion"; private: false; static: false; }' is not assignable to parameter of type 'string | symbol'.
src/clarity/dto/clarity.dtos.ts(231,6): error TS1240: Unable to resolve signature of property decorator when called as an expression.
  Argument of type 'ClassFieldDecoratorContext<TareaActualizarDto, string> & { name: "descripcion"; private: false; static: false; }' is not assignable to parameter of type 'string | symbol'.
src/clarity/dto/clarity.dtos.ts(232,6): error TS1240: Unable to resolve signature of property decorator when called as an expression.
  Argument of type 'ClassFieldDecoratorContext<TareaActualizarDto, string> & { name: "descripcion"; private: false; static: false; }' is not assignable to parameter of type 'string | symbol'.
src/clarity/dto/clarity.dtos.ts(235,6): error TS1240: Unable to resolve signature of property decorator when called as an expression.
  Argument of type 'ClassFieldDecoratorContext<TareaActualizarDto, string> & { name: "motivo"; private: false; static: false; }' is not assignable to parameter of type 'string | symbol'.
src/clarity/dto/clarity.dtos.ts(236,6): error TS1240: Unable to resolve signature of property decorator when called as an expression.
  Argument of type 'ClassFieldDecoratorContext<TareaActualizarDto, string> & { name: "motivo"; private: false; static: false; }' is not assignable to parameter of type 'string | symbol'.
src/clarity/dto/clarity.dtos.ts(237,6): error TS1240: Unable to resolve signature of property decorator when called as an expression.
  Argument of type 'ClassFieldDecoratorContext<TareaActualizarDto, string> & { name: "motivo"; private: false; static: false; }' is not assignable to parameter of type 'string | symbol'.
src/clarity/dto/clarity.dtos.ts(238,6): error TS1240: Unable to resolve signature of property decorator when called as an expression.
  Argument of type 'ClassFieldDecoratorContext<TareaActualizarDto, string> & { name: "motivo"; private: false; static: false; }' is not assignable to parameter of type 'string | symbol'.
src/clarity/dto/clarity.dtos.ts(245,6): error TS1240: Unable to resolve signature of property decorator when called as an expression.
  Argument of type 'ClassFieldDecoratorContext<TareaRevalidarDto, "Sigue" | "HechaPorOtro" | "NoAplica" | "Reasignar"> & { name: "accion"; private: false; static: false; }' is not assignable to parameter of type 'string | symbol'.
src/clarity/dto/clarity.dtos.ts(246,6): error TS1240: Unable to resolve signature of property decorator when called as an expression.
  Argument of type 'ClassFieldDecoratorContext<TareaRevalidarDto, "Sigue" | "HechaPorOtro" | "NoAplica" | "Reasignar"> & { name: "accion"; private: false; static: false; }' is not assignable to parameter of type 'string | symbol'.
src/clarity/dto/clarity.dtos.ts(249,6): error TS1240: Unable to resolve signature of property decorator when called as an expression.
  Argument of type 'ClassFieldDecoratorContext<TareaRevalidarDto, number> & { name: "idUsuarioOtro"; private: false; static: false; }' is not assignable to parameter of type 'string | symbol'.
src/clarity/dto/clarity.dtos.ts(250,6): error TS1240: Unable to resolve signature of property decorator when called as an expression.
  Argument of type 'ClassFieldDecoratorContext<TareaRevalidarDto, number> & { name: "idUsuarioOtro"; private: false; static: false; }' is not assignable to parameter of type 'string | symbol'.
src/clarity/dto/clarity.dtos.ts(251,6): error TS1240: Unable to resolve signature of property decorator when called as an expression.
  Argument of type 'ClassFieldDecoratorContext<TareaRevalidarDto, number> & { name: "idUsuarioOtro"; private: false; static: false; }' is not assignable to parameter of type 'string | symbol'.
src/clarity/dto/clarity.dtos.ts(254,6): error TS1240: Unable to resolve signature of property decorator when called as an expression.
  Argument of type 'ClassFieldDecoratorContext<TareaRevalidarDto, string> & { name: "razon"; private: false; static: false; }' is not assignable to parameter of type 'string | symbol'.
src/clarity/dto/clarity.dtos.ts(255,6): error TS1240: Unable to resolve signature of property decorator when called as an expression.
  Argument of type 'ClassFieldDecoratorContext<TareaRevalidarDto, string> & { name: "razon"; private: false; static: false; }' is not assignable to parameter of type 'string | symbol'.
src/clarity/dto/clarity.dtos.ts(256,6): error TS1240: Unable to resolve signature of property decorator when called as an expression.
  Argument of type 'ClassFieldDecoratorContext<TareaRevalidarDto, string> & { name: "razon"; private: false; static: false; }' is not assignable to parameter of type 'string | symbol'.
src/clarity/dto/clarity.dtos.ts(257,6): error TS1240: Unable to resolve signature of property decorator when called as an expression.
  Argument of type 'ClassFieldDecoratorContext<TareaRevalidarDto, string> & { name: "razon"; private: false; static: false; }' is not assignable to parameter of type 'string | symbol'.
src/clarity/dto/clarity.dtos.ts(262,6): error TS1240: Unable to resolve signature of property decorator when called as an expression.
  Argument of type 'ClassFieldDecoratorContext<BloqueoCrearDto, number> & { name: "idOrigenUsuario"; private: false; static: false; }' is not assignable to parameter of type 'string | symbol'.
src/clarity/dto/clarity.dtos.ts(263,6): error TS1240: Unable to resolve signature of property decorator when called as an expression.
  Argument of type 'ClassFieldDecoratorContext<BloqueoCrearDto, number> & { name: "idOrigenUsuario"; private: false; static: false; }' is not assignable to parameter of type 'string | symbol'.
src/clarity/dto/clarity.dtos.ts(264,6): error TS1240: Unable to resolve signature of property decorator when called as an expression.
  Argument of type 'ClassFieldDecoratorContext<BloqueoCrearDto, number> & { name: "idOrigenUsuario"; private: false; static: false; }' is not assignable to parameter of type 'string | symbol'.
src/clarity/dto/clarity.dtos.ts(267,6): error TS1240: Unable to resolve signature of property decorator when called as an expression.
  Argument of type 'ClassFieldDecoratorContext<BloqueoCrearDto, number> & { name: "idTarea"; private: false; static: false; }' is not assignable to parameter of type 'string | symbol'.
src/clarity/dto/clarity.dtos.ts(268,6): error TS1240: Unable to resolve signature of property decorator when called as an expression.
  Argument of type 'ClassFieldDecoratorContext<BloqueoCrearDto, number> & { name: "idTarea"; private: false; static: false; }' is not assignable to parameter of type 'string | symbol'.
src/clarity/dto/clarity.dtos.ts(271,6): error TS1240: Unable to resolve signature of property decorator when called as an expression.
  Argument of type 'ClassFieldDecoratorContext<BloqueoCrearDto, number> & { name: "idDestinoUsuario"; private: false; static: false; }' is not assignable to parameter of type 'string | symbol'.
src/clarity/dto/clarity.dtos.ts(272,6): error TS1240: Unable to resolve signature of property decorator when called as an expression.
  Argument of type 'ClassFieldDecoratorContext<BloqueoCrearDto, number> & { name: "idDestinoUsuario"; private: false; static: false; }' is not assignable to parameter of type 'string | symbol'.
src/clarity/dto/clarity.dtos.ts(275,6): error TS1240: Unable to resolve signature of property decorator when called as an expression.
  Argument of type 'ClassFieldDecoratorContext<BloqueoCrearDto, string> & { name: "destinoTexto"; private: false; static: false; }' is not assignable to parameter of type 'string | symbol'.
src/clarity/dto/clarity.dtos.ts(276,6): error TS1240: Unable to resolve signature of property decorator when called as an expression.
  Argument of type 'ClassFieldDecoratorContext<BloqueoCrearDto, string> & { name: "destinoTexto"; private: false; static: false; }' is not assignable to parameter of type 'string | symbol'.
src/clarity/dto/clarity.dtos.ts(277,6): error TS1240: Unable to resolve signature of property decorator when called as an expression.
  Argument of type 'ClassFieldDecoratorContext<BloqueoCrearDto, string> & { name: "destinoTexto"; private: false; static: false; }' is not assignable to parameter of type 'string | symbol'.
src/clarity/dto/clarity.dtos.ts(278,6): error TS1240: Unable to resolve signature of property decorator when called as an expression.
  Argument of type 'ClassFieldDecoratorContext<BloqueoCrearDto, string> & { name: "destinoTexto"; private: false; static: false; }' is not assignable to parameter of type 'string | symbol'.
src/clarity/dto/clarity.dtos.ts(279,6): error TS1240: Unable to resolve signature of property decorator when called as an expression.
  Argument of type 'ClassFieldDecoratorContext<BloqueoCrearDto, string> & { name: "destinoTexto"; private: false; static: false; }' is not assignable to parameter of type 'string | symbol'.
src/clarity/dto/clarity.dtos.ts(282,6): error TS1240: Unable to resolve signature of property decorator when called as an expression.
  Argument of type 'ClassFieldDecoratorContext<BloqueoCrearDto, string> & { name: "motivo"; private: false; static: false; }' is not assignable to parameter of type 'string | symbol'.
src/clarity/dto/clarity.dtos.ts(283,6): error TS1240: Unable to resolve signature of property decorator when called as an expression.
  Argument of type 'ClassFieldDecoratorContext<BloqueoCrearDto, string> & { name: "motivo"; private: false; static: false; }' is not assignable to parameter of type 'string | symbol'.
src/clarity/dto/clarity.dtos.ts(284,6): error TS1240: Unable to resolve signature of property decorator when called as an expression.
  Argument of type 'ClassFieldDecoratorContext<BloqueoCrearDto, string> & { name: "motivo"; private: false; static: false; }' is not assignable to parameter of type 'string | symbol'.
src/clarity/dto/clarity.dtos.ts(285,6): error TS1240: Unable to resolve signature of property decorator when called as an expression.
  Argument of type 'ClassFieldDecoratorContext<BloqueoCrearDto, string> & { name: "motivo"; private: false; static: false; }' is not assignable to parameter of type 'string | symbol'.
src/clarity/dto/clarity.dtos.ts(286,6): error TS1240: Unable to resolve signature of property decorator when called as an expression.
  Argument of type 'ClassFieldDecoratorContext<BloqueoCrearDto, string> & { name: "motivo"; private: false; static: false; }' is not assignable to parameter of type 'string | symbol'.
src/clarity/dto/clarity.dtos.ts(289,6): error TS1240: Unable to resolve signature of property decorator when called as an expression.
  Argument of type 'ClassFieldDecoratorContext<BloqueoCrearDto, string> & { name: "accionMitigacion"; private: false; static: false; }' is not assignable to parameter of type 'string | symbol'.
src/clarity/dto/clarity.dtos.ts(290,6): error TS1240: Unable to resolve signature of property decorator when called as an expression.
  Argument of type 'ClassFieldDecoratorContext<BloqueoCrearDto, string> & { name: "accionMitigacion"; private: false; static: false; }' is not assignable to parameter of type 'string | symbol'.
src/clarity/dto/clarity.dtos.ts(291,6): error TS1240: Unable to resolve signature of property decorator when called as an expression.
  Argument of type 'ClassFieldDecoratorContext<BloqueoCrearDto, string> & { name: "accionMitigacion"; private: false; static: false; }' is not assignable to parameter of type 'string | symbol'.
src/clarity/dto/clarity.dtos.ts(292,6): error TS1240: Unable to resolve signature of property decorator when called as an expression.
  Argument of type 'ClassFieldDecoratorContext<BloqueoCrearDto, string> & { name: "accionMitigacion"; private: false; static: false; }' is not assignable to parameter of type 'string | symbol'.
src/clarity/dto/clarity.dtos.ts(293,6): error TS1240: Unable to resolve signature of property decorator when called as an expression.
  Argument of type 'ClassFieldDecoratorContext<BloqueoCrearDto, string> & { name: "accionMitigacion"; private: false; static: false; }' is not assignable to parameter of type 'string | symbol'.
src/clarity/dto/clarity.dtos.ts(298,6): error TS1240: Unable to resolve signature of property decorator when called as an expression.
  Argument of type 'ClassFieldDecoratorContext<BloqueoResolverDto, number> & { name: "idUsuario"; private: false; static: false; }' is not assignable to parameter of type 'string | symbol'.
src/clarity/dto/clarity.dtos.ts(299,6): error TS1240: Unable to resolve signature of property decorator when called as an expression.
  Argument of type 'ClassFieldDecoratorContext<BloqueoResolverDto, number> & { name: "idUsuario"; private: false; static: false; }' is not assignable to parameter of type 'string | symbol'.
src/clarity/dto/clarity.dtos.ts(302,6): error TS1240: Unable to resolve signature of property decorator when called as an expression.
  Argument of type 'ClassFieldDecoratorContext<BloqueoResolverDto, string> & { name: "comentario"; private: false; static: false; }' is not assignable to parameter of type 'string | symbol'.
src/clarity/dto/clarity.dtos.ts(303,6): error TS1240: Unable to resolve signature of property decorator when called as an expression.
  Argument of type 'ClassFieldDecoratorContext<BloqueoResolverDto, string> & { name: "comentario"; private: false; static: false; }' is not assignable to parameter of type 'string | symbol'.
src/clarity/dto/clarity.dtos.ts(304,6): error TS1240: Unable to resolve signature of property decorator when called as an expression.
  Argument of type 'ClassFieldDecoratorContext<BloqueoResolverDto, string> & { name: "comentario"; private: false; static: false; }' is not assignable to parameter of type 'string | symbol'.
src/clarity/dto/clarity.dtos.ts(305,6): error TS1240: Unable to resolve signature of property decorator when called as an expression.
  Argument of type 'ClassFieldDecoratorContext<BloqueoResolverDto, string> & { name: "comentario"; private: false; static: false; }' is not assignable to parameter of type 'string | symbol'.
src/clarity/dto/clarity.dtos.ts(306,6): error TS1240: Unable to resolve signature of property decorator when called as an expression.
  Argument of type 'ClassFieldDecoratorContext<BloqueoResolverDto, string> & { name: "comentario"; private: false; static: false; }' is not assignable to parameter of type 'string | symbol'.
src/clarity/dto/clarity.dtos.ts(311,6): error TS1240: Unable to resolve signature of property decorator when called as an expression.
  Argument of type 'ClassFieldDecoratorContext<TareaAsignarResponsableDto, number> & { name: "idResponsable"; private: false; static: false; }' is not assignable to parameter of type 'string | symbol'.
src/clarity/dto/clarity.dtos.ts(312,6): error TS1240: Unable to resolve signature of property decorator when called as an expression.
  Argument of type 'ClassFieldDecoratorContext<TareaAsignarResponsableDto, number> & { name: "idResponsable"; private: false; static: false; }' is not assignable to parameter of type 'string | symbol'.
src/clarity/dto/clarity.dtos.ts(317,6): error TS1240: Unable to resolve signature of property decorator when called as an expression.
  Argument of type 'ClassFieldDecoratorContext<TareaRegistrarAvanceDto, number> & { name: "idUsuario"; private: false; static: false; }' is not assignable to parameter of type 'string | symbol'.
src/clarity/dto/clarity.dtos.ts(318,6): error TS1240: Unable to resolve signature of property decorator when called as an expression.
  Argument of type 'ClassFieldDecoratorContext<TareaRegistrarAvanceDto, number> & { name: "idUsuario"; private: false; static: false; }' is not assignable to parameter of type 'string | symbol'.
src/clarity/dto/clarity.dtos.ts(321,6): error TS1240: Unable to resolve signature of property decorator when called as an expression.
  Argument of type 'ClassFieldDecoratorContext<TareaRegistrarAvanceDto, number> & { name: "progreso"; private: false; static: false; }' is not assignable to parameter of type 'string | symbol'.
src/clarity/dto/clarity.dtos.ts(322,6): error TS1240: Unable to resolve signature of property decorator when called as an expression.
  Argument of type 'ClassFieldDecoratorContext<TareaRegistrarAvanceDto, number> & { name: "progreso"; private: false; static: false; }' is not assignable to parameter of type 'string | symbol'.
src/clarity/dto/clarity.dtos.ts(325,6): error TS1240: Unable to resolve signature of property decorator when called as an expression.
  Argument of type 'ClassFieldDecoratorContext<TareaRegistrarAvanceDto, string> & { name: "comentario"; private: false; static: false; }' is not assignable to parameter of type 'string | symbol'.
src/clarity/dto/clarity.dtos.ts(326,6): error TS1240: Unable to resolve signature of property decorator when called as an expression.
  Argument of type 'ClassFieldDecoratorContext<TareaRegistrarAvanceDto, string> & { name: "comentario"; private: false; static: false; }' is not assignable to parameter of type 'string | symbol'.
src/clarity/dto/clarity.dtos.ts(327,6): error TS1240: Unable to resolve signature of property decorator when called as an expression.
  Argument of type 'ClassFieldDecoratorContext<TareaRegistrarAvanceDto, string> & { name: "comentario"; private: false; static: false; }' is not assignable to parameter of type 'string | symbol'.
src/clarity/dto/clarity.dtos.ts(328,6): error TS1240: Unable to resolve signature of property decorator when called as an expression.
  Argument of type 'ClassFieldDecoratorContext<TareaRegistrarAvanceDto, string> & { name: "comentario"; private: false; static: false; }' is not assignable to parameter of type 'string | symbol'.
src/clarity/dto/clarity.dtos.ts(333,6): error TS1240: Unable to resolve signature of property decorator when called as an expression.
  Argument of type 'ClassFieldDecoratorContext<ProyectoCrearDto, string> & { name: "nombre"; private: false; static: false; }' is not assignable to parameter of type 'string | symbol'.
src/clarity/dto/clarity.dtos.ts(334,6): error TS1240: Unable to resolve signature of property decorator when called as an expression.
  Argument of type 'ClassFieldDecoratorContext<ProyectoCrearDto, string> & { name: "nombre"; private: false; static: false; }' is not assignable to parameter of type 'string | symbol'.
src/clarity/dto/clarity.dtos.ts(335,6): error TS1240: Unable to resolve signature of property decorator when called as an expression.
  Argument of type 'ClassFieldDecoratorContext<ProyectoCrearDto, string> & { name: "nombre"; private: false; static: false; }' is not assignable to parameter of type 'string | symbol'.
src/clarity/dto/clarity.dtos.ts(336,6): error TS1240: Unable to resolve signature of property decorator when called as an expression.
  Argument of type 'ClassFieldDecoratorContext<ProyectoCrearDto, string> & { name: "nombre"; private: false; static: false; }' is not assignable to parameter of type 'string | symbol'.
src/clarity/dto/clarity.dtos.ts(337,6): error TS1240: Unable to resolve signature of property decorator when called as an expression.
  Argument of type 'ClassFieldDecoratorContext<ProyectoCrearDto, string> & { name: "nombre"; private: false; static: false; }' is not assignable to parameter of type 'string | symbol'.
src/clarity/dto/clarity.dtos.ts(340,6): error TS1240: Unable to resolve signature of property decorator when called as an expression.
  Argument of type 'ClassFieldDecoratorContext<ProyectoCrearDto, string> & { name: "descripcion"; private: false; static: false; }' is not assignable to parameter of type 'string | symbol'.
src/clarity/dto/clarity.dtos.ts(341,6): error TS1240: Unable to resolve signature of property decorator when called as an expression.
  Argument of type 'ClassFieldDecoratorContext<ProyectoCrearDto, string> & { name: "descripcion"; private: false; static: false; }' is not assignable to parameter of type 'string | symbol'.
src/clarity/dto/clarity.dtos.ts(342,6): error TS1240: Unable to resolve signature of property decorator when called as an expression.
  Argument of type 'ClassFieldDecoratorContext<ProyectoCrearDto, string> & { name: "descripcion"; private: false; static: false; }' is not assignable to parameter of type 'string | symbol'.
src/clarity/dto/clarity.dtos.ts(343,6): error TS1240: Unable to resolve signature of property decorator when called as an expression.
  Argument of type 'ClassFieldDecoratorContext<ProyectoCrearDto, string> & { name: "descripcion"; private: false; static: false; }' is not assignable to parameter of type 'string | symbol'.
src/clarity/dto/clarity.dtos.ts(344,6): error TS1240: Unable to resolve signature of property decorator when called as an expression.
  Argument of type 'ClassFieldDecoratorContext<ProyectoCrearDto, string> & { name: "descripcion"; private: false; static: false; }' is not assignable to parameter of type 'string | symbol'.
src/clarity/dto/clarity.dtos.ts(347,6): error TS1240: Unable to resolve signature of property decorator when called as an expression.
  Argument of type 'ClassFieldDecoratorContext<ProyectoCrearDto, number> & { name: "idNodoDuenio"; private: false; static: false; }' is not assignable to parameter of type 'string | symbol'.
src/clarity/dto/clarity.dtos.ts(348,6): error TS1240: Unable to resolve signature of property decorator when called as an expression.
  Argument of type 'ClassFieldDecoratorContext<ProyectoCrearDto, number> & { name: "idNodoDuenio"; private: false; static: false; }' is not assignable to parameter of type 'string | symbol'.
src/clarity/dto/clarity.dtos.ts(349,6): error TS1240: Unable to resolve signature of property decorator when called as an expression.
  Argument of type 'ClassFieldDecoratorContext<ProyectoCrearDto, number> & { name: "idNodoDuenio"; private: false; static: false; }' is not assignable to parameter of type 'string | symbol'.
src/clarity/dto/clarity.dtos.ts(352,6): error TS1240: Unable to resolve signature of property decorator when called as an expression.
  Argument of type 'ClassFieldDecoratorContext<ProyectoCrearDto, string> & { name: "area"; private: false; static: false; }' is not assignable to parameter of type 'string | symbol'.
src/clarity/dto/clarity.dtos.ts(353,6): error TS1240: Unable to resolve signature of property decorator when called as an expression.
  Argument of type 'ClassFieldDecoratorContext<ProyectoCrearDto, string> & { name: "area"; private: false; static: false; }' is not assignable to parameter of type 'string | symbol'.
src/clarity/dto/clarity.dtos.ts(354,6): error TS1240: Unable to resolve signature of property decorator when called as an expression.
  Argument of type 'ClassFieldDecoratorContext<ProyectoCrearDto, string> & { name: "area"; private: false; static: false; }' is not assignable to parameter of type 'string | symbol'.
src/clarity/dto/clarity.dtos.ts(355,6): error TS1240: Unable to resolve signature of property decorator when called as an expression.
  Argument of type 'ClassFieldDecoratorContext<ProyectoCrearDto, string> & { name: "area"; private: false; static: false; }' is not assignable to parameter of type 'string | symbol'.
src/clarity/dto/clarity.dtos.ts(358,6): error TS1240: Unable to resolve signature of property decorator when called as an expression.
  Argument of type 'ClassFieldDecoratorContext<ProyectoCrearDto, string> & { name: "subgerencia"; private: false; static: false; }' is not assignable to parameter of type 'string | symbol'.
src/clarity/dto/clarity.dtos.ts(359,6): error TS1240: Unable to resolve signature of property decorator when called as an expression.
  Argument of type 'ClassFieldDecoratorContext<ProyectoCrearDto, string> & { name: "subgerencia"; private: false; static: false; }' is not assignable to parameter of type 'string | symbol'.
src/clarity/dto/clarity.dtos.ts(360,6): error TS1240: Unable to resolve signature of property decorator when called as an expression.
  Argument of type 'ClassFieldDecoratorContext<ProyectoCrearDto, string> & { name: "subgerencia"; private: false; static: false; }' is not assignable to parameter of type 'string | symbol'.
src/clarity/dto/clarity.dtos.ts(361,6): error TS1240: Unable to resolve signature of property decorator when called as an expression.
  Argument of type 'ClassFieldDecoratorContext<ProyectoCrearDto, string> & { name: "subgerencia"; private: false; static: false; }' is not assignable to parameter of type 'string | symbol'.
src/clarity/dto/clarity.dtos.ts(364,6): error TS1240: Unable to resolve signature of property decorator when called as an expression.
  Argument of type 'ClassFieldDecoratorContext<ProyectoCrearDto, string> & { name: "gerencia"; private: false; static: false; }' is not assignable to parameter of type 'string | symbol'.
src/clarity/dto/clarity.dtos.ts(365,6): error TS1240: Unable to resolve signature of property decorator when called as an expression.
  Argument of type 'ClassFieldDecoratorContext<ProyectoCrearDto, string> & { name: "gerencia"; private: false; static: false; }' is not assignable to parameter of type 'string | symbol'.
src/clarity/dto/clarity.dtos.ts(366,6): error TS1240: Unable to resolve signature of property decorator when called as an expression.
  Argument of type 'ClassFieldDecoratorContext<ProyectoCrearDto, string> & { name: "gerencia"; private: false; static: false; }' is not assignable to parameter of type 'string | symbol'.
src/clarity/dto/clarity.dtos.ts(367,6): error TS1240: Unable to resolve signature of property decorator when called as an expression.
  Argument of type 'ClassFieldDecoratorContext<ProyectoCrearDto, string> & { name: "gerencia"; private: false; static: false; }' is not assignable to parameter of type 'string | symbol'.
src/clarity/dto/clarity.dtos.ts(370,6): error TS1240: Unable to resolve signature of property decorator when called as an expression.
  Argument of type 'ClassFieldDecoratorContext<ProyectoCrearDto, string> & { name: "fechaInicio"; private: false; static: false; }' is not assignable to parameter of type 'string | symbol'.
src/clarity/dto/clarity.dtos.ts(371,6): error TS1240: Unable to resolve signature of property decorator when called as an expression.
  Argument of type 'ClassFieldDecoratorContext<ProyectoCrearDto, string> & { name: "fechaInicio"; private: false; static: false; }' is not assignable to parameter of type 'string | symbol'.
src/clarity/dto/clarity.dtos.ts(372,6): error TS1240: Unable to resolve signature of property decorator when called as an expression.
  Argument of type 'ClassFieldDecoratorContext<ProyectoCrearDto, string> & { name: "fechaInicio"; private: false; static: false; }' is not assignable to parameter of type 'string | symbol'.
src/clarity/dto/clarity.dtos.ts(375,6): error TS1240: Unable to resolve signature of property decorator when called as an expression.
  Argument of type 'ClassFieldDecoratorContext<ProyectoCrearDto, string> & { name: "fechaFin"; private: false; static: false; }' is not assignable to parameter of type 'string | symbol'.
src/clarity/dto/clarity.dtos.ts(376,6): error TS1240: Unable to resolve signature of property decorator when called as an expression.
  Argument of type 'ClassFieldDecoratorContext<ProyectoCrearDto, string> & { name: "fechaFin"; private: false; static: false; }' is not assignable to parameter of type 'string | symbol'.
src/clarity/dto/clarity.dtos.ts(377,6): error TS1240: Unable to resolve signature of property decorator when called as an expression.
  Argument of type 'ClassFieldDecoratorContext<ProyectoCrearDto, string> & { name: "fechaFin"; private: false; static: false; }' is not assignable to parameter of type 'string | symbol'.
src/clarity/dto/clarity.dtos.ts(383,6): error TS1240: Unable to resolve signature of property decorator when called as an expression.
  Argument of type 'ClassFieldDecoratorContext<LogCrearDto, string> & { name: "nivel"; private: false; static: false; }' is not assignable to parameter of type 'string | symbol'.
src/clarity/dto/clarity.dtos.ts(384,6): error TS1240: Unable to resolve signature of property decorator when called as an expression.
  Argument of type 'ClassFieldDecoratorContext<LogCrearDto, string> & { name: "nivel"; private: false; static: false; }' is not assignable to parameter of type 'string | symbol'.
src/clarity/dto/clarity.dtos.ts(385,6): error TS1240: Unable to resolve signature of property decorator when called as an expression.
  Argument of type 'ClassFieldDecoratorContext<LogCrearDto, string> & { name: "nivel"; private: false; static: false; }' is not assignable to parameter of type 'string | symbol'.
src/clarity/dto/clarity.dtos.ts(386,6): error TS1240: Unable to resolve signature of property decorator when called as an expression.
  Argument of type 'ClassFieldDecoratorContext<LogCrearDto, string> & { name: "nivel"; private: false; static: false; }' is not assignable to parameter of type 'string | symbol'.
src/clarity/dto/clarity.dtos.ts(389,6): error TS1240: Unable to resolve signature of property decorator when called as an expression.
  Argument of type 'ClassFieldDecoratorContext<LogCrearDto, string> & { name: "origen"; private: false; static: false; }' is not assignable to parameter of type 'string | symbol'.
src/clarity/dto/clarity.dtos.ts(390,6): error TS1240: Unable to resolve signature of property decorator when called as an expression.
  Argument of type 'ClassFieldDecoratorContext<LogCrearDto, string> & { name: "origen"; private: false; static: false; }' is not assignable to parameter of type 'string | symbol'.
src/clarity/dto/clarity.dtos.ts(391,6): error TS1240: Unable to resolve signature of property decorator when called as an expression.
  Argument of type 'ClassFieldDecoratorContext<LogCrearDto, string> & { name: "origen"; private: false; static: false; }' is not assignable to parameter of type 'string | symbol'.
src/clarity/dto/clarity.dtos.ts(392,6): error TS1240: Unable to resolve signature of property decorator when called as an expression.
  Argument of type 'ClassFieldDecoratorContext<LogCrearDto, string> & { name: "origen"; private: false; static: false; }' is not assignable to parameter of type 'string | symbol'.
src/clarity/dto/clarity.dtos.ts(395,6): error TS1240: Unable to resolve signature of property decorator when called as an expression.
  Argument of type 'ClassFieldDecoratorContext<LogCrearDto, string> & { name: "mensaje"; private: false; static: false; }' is not assignable to parameter of type 'string | symbol'.
src/clarity/dto/clarity.dtos.ts(396,6): error TS1240: Unable to resolve signature of property decorator when called as an expression.
  Argument of type 'ClassFieldDecoratorContext<LogCrearDto, string> & { name: "mensaje"; private: false; static: false; }' is not assignable to parameter of type 'string | symbol'.
src/clarity/dto/clarity.dtos.ts(397,6): error TS1240: Unable to resolve signature of property decorator when called as an expression.
  Argument of type 'ClassFieldDecoratorContext<LogCrearDto, string> & { name: "mensaje"; private: false; static: false; }' is not assignable to parameter of type 'string | symbol'.
src/clarity/dto/clarity.dtos.ts(398,6): error TS1240: Unable to resolve signature of property decorator when called as an expression.
  Argument of type 'ClassFieldDecoratorContext<LogCrearDto, string> & { name: "mensaje"; private: false; static: false; }' is not assignable to parameter of type 'string | symbol'.
src/clarity/dto/clarity.dtos.ts(401,6): error TS1240: Unable to resolve signature of property decorator when called as an expression.
  Argument of type 'ClassFieldDecoratorContext<LogCrearDto, string> & { name: "nota"; private: false; static: false; }' is not assignable to parameter of type 'string | symbol'.
src/clarity/dto/clarity.dtos.ts(402,6): error TS1240: Unable to resolve signature of property decorator when called as an expression.
  Argument of type 'ClassFieldDecoratorContext<LogCrearDto, string> & { name: "nota"; private: false; static: false; }' is not assignable to parameter of type 'string | symbol'.
src/clarity/dto/clarity.dtos.ts(403,6): error TS1240: Unable to resolve signature of property decorator when called as an expression.
  Argument of type 'ClassFieldDecoratorContext<LogCrearDto, string> & { name: "nota"; private: false; static: false; }' is not assignable to parameter of type 'string | symbol'.
src/clarity/dto/clarity.dtos.ts(404,6): error TS1240: Unable to resolve signature of property decorator when called as an expression.
  Argument of type 'ClassFieldDecoratorContext<LogCrearDto, string> & { name: "nota"; private: false; static: false; }' is not assignable to parameter of type 'string | symbol'.
src/clarity/dto/clarity.dtos.ts(407,6): error TS1240: Unable to resolve signature of property decorator when called as an expression.
  Argument of type 'ClassFieldDecoratorContext<LogCrearDto, number> & { name: "idNodo"; private: false; static: false; }' is not assignable to parameter of type 'string | symbol'.
src/clarity/dto/clarity.dtos.ts(408,6): error TS1240: Unable to resolve signature of property decorator when called as an expression.
  Argument of type 'ClassFieldDecoratorContext<LogCrearDto, number> & { name: "idNodo"; private: false; static: false; }' is not assignable to parameter of type 'string | symbol'.
src/clarity/dto/clarity.dtos.ts(409,6): error TS1240: Unable to resolve signature of property decorator when called as an expression.
  Argument of type 'ClassFieldDecoratorContext<LogCrearDto, number> & { name: "idNodo"; private: false; static: false; }' is not assignable to parameter of type 'string | symbol'.
src/clarity/dto/clarity.dtos.ts(412,6): error TS1240: Unable to resolve signature of property decorator when called as an expression.
  Argument of type 'ClassFieldDecoratorContext<LogCrearDto, string> & { name: "stack"; private: false; static: false; }' is not assignable to parameter of type 'string | symbol'.
src/clarity/dto/clarity.dtos.ts(413,6): error TS1240: Unable to resolve signature of property decorator when called as an expression.
  Argument of type 'ClassFieldDecoratorContext<LogCrearDto, string> & { name: "stack"; private: false; static: false; }' is not assignable to parameter of type 'string | symbol'.
src/clarity/dto/clarity.dtos.ts(414,6): error TS1240: Unable to resolve signature of property decorator when called as an expression.
  Argument of type 'ClassFieldDecoratorContext<LogCrearDto, string> & { name: "stack"; private: false; static: false; }' is not assignable to parameter of type 'string | symbol'.
src/clarity/dto/clarity.dtos.ts(415,6): error TS1240: Unable to resolve signature of property decorator when called as an expression.
  Argument of type 'ClassFieldDecoratorContext<LogCrearDto, string> & { name: "stack"; private: false; static: false; }' is not assignable to parameter of type 'string | symbol'.
src/clarity/dto/clarity.dtos.ts(418,6): error TS1240: Unable to resolve signature of property decorator when called as an expression.
  Argument of type 'ClassFieldDecoratorContext<LogCrearDto, number> & { name: "idUsuario"; private: false; static: false; }' is not assignable to parameter of type 'string | symbol'.
src/clarity/dto/clarity.dtos.ts(419,6): error TS1240: Unable to resolve signature of property decorator when called as an expression.
  Argument of type 'ClassFieldDecoratorContext<LogCrearDto, number> & { name: "idUsuario"; private: false; static: false; }' is not assignable to parameter of type 'string | symbol'.
src/clarity/dto/clarity.dtos.ts(420,6): error TS1240: Unable to resolve signature of property decorator when called as an expression.
  Argument of type 'ClassFieldDecoratorContext<LogCrearDto, number> & { name: "idUsuario"; private: false; static: false; }' is not assignable to parameter of type 'string | symbol'.
src/clarity/dto/clarity.dtos.ts(425,6): error TS1240: Unable to resolve signature of property decorator when called as an expression.
  Argument of type 'ClassFieldDecoratorContext<RolCrearDto, string> & { name: "nombre"; private: false; static: false; }' is not assignable to parameter of type 'string | symbol'.
src/clarity/dto/clarity.dtos.ts(426,6): error TS1240: Unable to resolve signature of property decorator when called as an expression.
  Argument of type 'ClassFieldDecoratorContext<RolCrearDto, string> & { name: "nombre"; private: false; static: false; }' is not assignable to parameter of type 'string | symbol'.
src/clarity/dto/clarity.dtos.ts(427,6): error TS1240: Unable to resolve signature of property decorator when called as an expression.
  Argument of type 'ClassFieldDecoratorContext<RolCrearDto, string> & { name: "nombre"; private: false; static: false; }' is not assignable to parameter of type 'string | symbol'.
src/clarity/dto/clarity.dtos.ts(428,6): error TS1240: Unable to resolve signature of property decorator when called as an expression.
  Argument of type 'ClassFieldDecoratorContext<RolCrearDto, string> & { name: "nombre"; private: false; static: false; }' is not assignable to parameter of type 'string | symbol'.
src/clarity/dto/clarity.dtos.ts(431,6): error TS1240: Unable to resolve signature of property decorator when called as an expression.
  Argument of type 'ClassFieldDecoratorContext<RolCrearDto, string> & { name: "descripcion"; private: false; static: false; }' is not assignable to parameter of type 'string | symbol'.
src/clarity/dto/clarity.dtos.ts(432,6): error TS1240: Unable to resolve signature of property decorator when called as an expression.
  Argument of type 'ClassFieldDecoratorContext<RolCrearDto, string> & { name: "descripcion"; private: false; static: false; }' is not assignable to parameter of type 'string | symbol'.
src/clarity/dto/clarity.dtos.ts(433,6): error TS1240: Unable to resolve signature of property decorator when called as an expression.
  Argument of type 'ClassFieldDecoratorContext<RolCrearDto, string> & { name: "descripcion"; private: false; static: false; }' is not assignable to parameter of type 'string | symbol'.
src/clarity/dto/clarity.dtos.ts(434,6): error TS1240: Unable to resolve signature of property decorator when called as an expression.
  Argument of type 'ClassFieldDecoratorContext<RolCrearDto, string> & { name: "descripcion"; private: false; static: false; }' is not assignable to parameter of type 'string | symbol'.
src/clarity/dto/clarity.dtos.ts(437,6): error TS1240: Unable to resolve signature of property decorator when called as an expression.
  Argument of type 'ClassFieldDecoratorContext<RolCrearDto, any[]> & { name: "reglas"; private: false; static: false; }' is not assignable to parameter of type 'string | symbol'.
src/clarity/dto/clarity.dtos.ts(438,6): error TS1240: Unable to resolve signature of property decorator when called as an expression.
  Argument of type 'ClassFieldDecoratorContext<RolCrearDto, any[]> & { name: "reglas"; private: false; static: false; }' is not assignable to parameter of type 'string | symbol'.
src/clarity/dto/clarity.dtos.ts(439,6): error TS1240: Unable to resolve signature of property decorator when called as an expression.
  Argument of type 'ClassFieldDecoratorContext<RolCrearDto, any[]> & { name: "reglas"; private: false; static: false; }' is not assignable to parameter of type 'string | symbol'.
src/clarity/dto/clarity.dtos.ts(444,6): error TS1240: Unable to resolve signature of property decorator when called as an expression.
  Argument of type 'ClassFieldDecoratorContext<RolActualizarDto, string> & { name: "nombre"; private: false; static: false; }' is not assignable to parameter of type 'string | symbol'.
src/clarity/dto/clarity.dtos.ts(445,6): error TS1240: Unable to resolve signature of property decorator when called as an expression.
  Argument of type 'ClassFieldDecoratorContext<RolActualizarDto, string> & { name: "nombre"; private: false; static: false; }' is not assignable to parameter of type 'string | symbol'.
src/clarity/dto/clarity.dtos.ts(446,6): error TS1240: Unable to resolve signature of property decorator when called as an expression.
  Argument of type 'ClassFieldDecoratorContext<RolActualizarDto, string> & { name: "nombre"; private: false; static: false; }' is not assignable to parameter of type 'string | symbol'.
src/clarity/dto/clarity.dtos.ts(447,6): error TS1240: Unable to resolve signature of property decorator when called as an expression.
  Argument of type 'ClassFieldDecoratorContext<RolActualizarDto, string> & { name: "nombre"; private: false; static: false; }' is not assignable to parameter of type 'string | symbol'.
src/clarity/dto/clarity.dtos.ts(450,6): error TS1240: Unable to resolve signature of property decorator when called as an expression.
  Argument of type 'ClassFieldDecoratorContext<RolActualizarDto, string> & { name: "descripcion"; private: false; static: false; }' is not assignable to parameter of type 'string | symbol'.
src/clarity/dto/clarity.dtos.ts(451,6): error TS1240: Unable to resolve signature of property decorator when called as an expression.
  Argument of type 'ClassFieldDecoratorContext<RolActualizarDto, string> & { name: "descripcion"; private: false; static: false; }' is not assignable to parameter of type 'string | symbol'.
src/clarity/dto/clarity.dtos.ts(452,6): error TS1240: Unable to resolve signature of property decorator when called as an expression.
  Argument of type 'ClassFieldDecoratorContext<RolActualizarDto, string> & { name: "descripcion"; private: false; static: false; }' is not assignable to parameter of type 'string | symbol'.
src/clarity/dto/clarity.dtos.ts(453,6): error TS1240: Unable to resolve signature of property decorator when called as an expression.
  Argument of type 'ClassFieldDecoratorContext<RolActualizarDto, string> & { name: "descripcion"; private: false; static: false; }' is not assignable to parameter of type 'string | symbol'.
src/clarity/dto/clarity.dtos.ts(456,6): error TS1240: Unable to resolve signature of property decorator when called as an expression.
  Argument of type 'ClassFieldDecoratorContext<RolActualizarDto, any[]> & { name: "reglas"; private: false; static: false; }' is not assignable to parameter of type 'string | symbol'.
src/clarity/dto/clarity.dtos.ts(457,6): error TS1240: Unable to resolve signature of property decorator when called as an expression.
  Argument of type 'ClassFieldDecoratorContext<RolActualizarDto, any[]> & { name: "reglas"; private: false; static: false; }' is not assignable to parameter of type 'string | symbol'.
src/clarity/dto/clarity.dtos.ts(458,6): error TS1240: Unable to resolve signature of property decorator when called as an expression.
  Argument of type 'ClassFieldDecoratorContext<RolActualizarDto, any[]> & { name: "reglas"; private: false; static: false; }' is not assignable to parameter of type 'string | symbol'.
src/clarity/dto/clarity.dtos.ts(463,6): error TS1240: Unable to resolve signature of property decorator when called as an expression.
  Argument of type 'ClassFieldDecoratorContext<OrganizacionNodoCrearDto, string> & { name: "nombre"; private: false; static: false; }' is not assignable to parameter of type 'string | symbol'.
src/clarity/dto/clarity.dtos.ts(464,6): error TS1240: Unable to resolve signature of property decorator when called as an expression.
  Argument of type 'ClassFieldDecoratorContext<OrganizacionNodoCrearDto, string> & { name: "nombre"; private: false; static: false; }' is not assignable to parameter of type 'string | symbol'.
src/clarity/dto/clarity.dtos.ts(465,6): error TS1240: Unable to resolve signature of property decorator when called as an expression.
  Argument of type 'ClassFieldDecoratorContext<OrganizacionNodoCrearDto, string> & { name: "nombre"; private: false; static: false; }' is not assignable to parameter of type 'string | symbol'.
src/clarity/dto/clarity.dtos.ts(466,6): error TS1240: Unable to resolve signature of property decorator when called as an expression.
  Argument of type 'ClassFieldDecoratorContext<OrganizacionNodoCrearDto, string> & { name: "nombre"; private: false; static: false; }' is not assignable to parameter of type 'string | symbol'.
src/clarity/dto/clarity.dtos.ts(469,6): error TS1240: Unable to resolve signature of property decorator when called as an expression.
  Argument of type 'ClassFieldDecoratorContext<OrganizacionNodoCrearDto, string> & { name: "tipo"; private: false; static: false; }' is not assignable to parameter of type 'string | symbol'.
src/clarity/dto/clarity.dtos.ts(470,6): error TS1240: Unable to resolve signature of property decorator when called as an expression.
  Argument of type 'ClassFieldDecoratorContext<OrganizacionNodoCrearDto, string> & { name: "tipo"; private: false; static: false; }' is not assignable to parameter of type 'string | symbol'.
src/clarity/dto/clarity.dtos.ts(471,6): error TS1240: Unable to resolve signature of property decorator when called as an expression.
  Argument of type 'ClassFieldDecoratorContext<OrganizacionNodoCrearDto, string> & { name: "tipo"; private: false; static: false; }' is not assignable to parameter of type 'string | symbol'.
src/clarity/dto/clarity.dtos.ts(472,6): error TS1240: Unable to resolve signature of property decorator when called as an expression.
  Argument of type 'ClassFieldDecoratorContext<OrganizacionNodoCrearDto, string> & { name: "tipo"; private: false; static: false; }' is not assignable to parameter of type 'string | symbol'.
src/clarity/dto/clarity.dtos.ts(475,6): error TS1240: Unable to resolve signature of property decorator when called as an expression.
  Argument of type 'ClassFieldDecoratorContext<OrganizacionNodoCrearDto, number> & { name: "idPadre"; private: false; static: false; }' is not assignable to parameter of type 'string | symbol'.
src/clarity/dto/clarity.dtos.ts(476,6): error TS1240: Unable to resolve signature of property decorator when called as an expression.
  Argument of type 'ClassFieldDecoratorContext<OrganizacionNodoCrearDto, number> & { name: "idPadre"; private: false; static: false; }' is not assignable to parameter of type 'string | symbol'.
src/clarity/dto/clarity.dtos.ts(477,6): error TS1240: Unable to resolve signature of property decorator when called as an expression.
  Argument of type 'ClassFieldDecoratorContext<OrganizacionNodoCrearDto, number> & { name: "idPadre"; private: false; static: false; }' is not assignable to parameter of type 'string | symbol'.
src/clarity/dto/clarity.dtos.ts(482,6): error TS1240: Unable to resolve signature of property decorator when called as an expression.
  Argument of type 'ClassFieldDecoratorContext<UsuarioOrganizacionAsignarDto, number> & { name: "idUsuario"; private: false; static: false; }' is not assignable to parameter of type 'string | symbol'.
src/clarity/dto/clarity.dtos.ts(483,6): error TS1240: Unable to resolve signature of property decorator when called as an expression.
  Argument of type 'ClassFieldDecoratorContext<UsuarioOrganizacionAsignarDto, number> & { name: "idUsuario"; private: false; static: false; }' is not assignable to parameter of type 'string | symbol'.
src/clarity/dto/clarity.dtos.ts(486,6): error TS1240: Unable to resolve signature of property decorator when called as an expression.
  Argument of type 'ClassFieldDecoratorContext<UsuarioOrganizacionAsignarDto, number> & { name: "idNodo"; private: false; static: false; }' is not assignable to parameter of type 'string | symbol'.
src/clarity/dto/clarity.dtos.ts(487,6): error TS1240: Unable to resolve signature of property decorator when called as an expression.
  Argument of type 'ClassFieldDecoratorContext<UsuarioOrganizacionAsignarDto, number> & { name: "idNodo"; private: false; static: false; }' is not assignable to parameter of type 'string | symbol'.
src/clarity/dto/clarity.dtos.ts(490,6): error TS1240: Unable to resolve signature of property decorator when called as an expression.
  Argument of type 'ClassFieldDecoratorContext<UsuarioOrganizacionAsignarDto, string> & { name: "rol"; private: false; static: false; }' is not assignable to parameter of type 'string | symbol'.
src/clarity/dto/clarity.dtos.ts(491,6): error TS1240: Unable to resolve signature of property decorator when called as an expression.
  Argument of type 'ClassFieldDecoratorContext<UsuarioOrganizacionAsignarDto, string> & { name: "rol"; private: false; static: false; }' is not assignable to parameter of type 'string | symbol'.
src/clarity/dto/clarity.dtos.ts(492,6): error TS1240: Unable to resolve signature of property decorator when called as an expression.
  Argument of type 'ClassFieldDecoratorContext<UsuarioOrganizacionAsignarDto, string> & { name: "rol"; private: false; static: false; }' is not assignable to parameter of type 'string | symbol'.
src/clarity/dto/clarity.dtos.ts(493,6): error TS1240: Unable to resolve signature of property decorator when called as an expression.
  Argument of type 'ClassFieldDecoratorContext<UsuarioOrganizacionAsignarDto, string> & { name: "rol"; private: false; static: false; }' is not assignable to parameter of type 'string | symbol'.
src/clarity/dto/clarity.dtos.ts(498,6): error TS1240: Unable to resolve signature of property decorator when called as an expression.
  Argument of type 'ClassFieldDecoratorContext<TaskFilterDto, number> & { name: "idProyecto"; private: false; static: false; }' is not assignable to parameter of type 'string | symbol'.
src/clarity/dto/clarity.dtos.ts(499,6): error TS1240: Unable to resolve signature of property decorator when called as an expression.
  Argument of type 'ClassFieldDecoratorContext<TaskFilterDto, number> & { name: "idProyecto"; private: false; static: false; }' is not assignable to parameter of type 'string | symbol'.
src/clarity/dto/clarity.dtos.ts(500,6): error TS1240: Unable to resolve signature of property decorator when called as an expression.
  Argument of type 'ClassFieldDecoratorContext<TaskFilterDto, number> & { name: "idProyecto"; private: false; static: false; }' is not assignable to parameter of type 'string | symbol'.
src/clarity/dto/clarity.dtos.ts(501,6): error TS1240: Unable to resolve signature of property decorator when called as an expression.
  Argument of type 'ClassFieldDecoratorContext<TaskFilterDto, number> & { name: "idProyecto"; private: false; static: false; }' is not assignable to parameter of type 'string | symbol'.
src/clarity/dto/clarity.dtos.ts(504,6): error TS1240: Unable to resolve signature of property decorator when called as an expression.
  Argument of type 'ClassFieldDecoratorContext<TaskFilterDto, string> & { name: "estado"; private: false; static: false; }' is not assignable to parameter of type 'string | symbol'.
src/clarity/dto/clarity.dtos.ts(505,6): error TS1240: Unable to resolve signature of property decorator when called as an expression.
  Argument of type 'ClassFieldDecoratorContext<TaskFilterDto, string> & { name: "estado"; private: false; static: false; }' is not assignable to parameter of type 'string | symbol'.
src/clarity/dto/clarity.dtos.ts(506,6): error TS1240: Unable to resolve signature of property decorator when called as an expression.
  Argument of type 'ClassFieldDecoratorContext<TaskFilterDto, string> & { name: "estado"; private: false; static: false; }' is not assignable to parameter of type 'string | symbol'.
src/clarity/dto/clarity.dtos.ts(507,6): error TS1240: Unable to resolve signature of property decorator when called as an expression.
  Argument of type 'ClassFieldDecoratorContext<TaskFilterDto, string> & { name: "estado"; private: false; static: false; }' is not assignable to parameter of type 'string | symbol'.
src/clarity/dto/clarity.dtos.ts(510,6): error TS1240: Unable to resolve signature of property decorator when called as an expression.
  Argument of type 'ClassFieldDecoratorContext<TaskFilterDto, number> & { name: "idUsuario"; private: false; static: false; }' is not assignable to parameter of type 'string | symbol'.
src/clarity/dto/clarity.dtos.ts(511,6): error TS1240: Unable to resolve signature of property decorator when called as an expression.
  Argument of type 'ClassFieldDecoratorContext<TaskFilterDto, number> & { name: "idUsuario"; private: false; static: false; }' is not assignable to parameter of type 'string | symbol'.
src/clarity/dto/clarity.dtos.ts(512,6): error TS1240: Unable to resolve signature of property decorator when called as an expression.
  Argument of type 'ClassFieldDecoratorContext<TaskFilterDto, number> & { name: "idUsuario"; private: false; static: false; }' is not assignable to parameter of type 'string | symbol'.
src/clarity/dto/clarity.dtos.ts(513,6): error TS1240: Unable to resolve signature of property decorator when called as an expression.
  Argument of type 'ClassFieldDecoratorContext<TaskFilterDto, number> & { name: "idUsuario"; private: false; static: false; }' is not assignable to parameter of type 'string | symbol'.
src/clarity/dto/clarity.dtos.ts(518,6): error TS1240: Unable to resolve signature of property decorator when called as an expression.
  Argument of type 'ClassFieldDecoratorContext<DateRangeDto, string> & { name: "startDate"; private: false; static: false; }' is not assignable to parameter of type 'string | symbol'.
src/clarity/dto/clarity.dtos.ts(519,6): error TS1240: Unable to resolve signature of property decorator when called as an expression.
  Argument of type 'ClassFieldDecoratorContext<DateRangeDto, string> & { name: "startDate"; private: false; static: false; }' is not assignable to parameter of type 'string | symbol'.
src/clarity/dto/clarity.dtos.ts(522,6): error TS1240: Unable to resolve signature of property decorator when called as an expression.
  Argument of type 'ClassFieldDecoratorContext<DateRangeDto, string> & { name: "endDate"; private: false; static: false; }' is not assignable to parameter of type 'string | symbol'.
src/clarity/dto/clarity.dtos.ts(523,6): error TS1240: Unable to resolve signature of property decorator when called as an expression.
  Argument of type 'ClassFieldDecoratorContext<DateRangeDto, string> & { name: "endDate"; private: false; static: false; }' is not assignable to parameter of type 'string | symbol'.
src/clarity/dto/clarity.dtos.ts(528,6): error TS1240: Unable to resolve signature of property decorator when called as an expression.
  Argument of type 'ClassFieldDecoratorContext<TareaReordenarDto, number[]> & { name: "ids"; private: false; static: false; }' is not assignable to parameter of type 'string | symbol'.
src/clarity/dto/clarity.dtos.ts(529,6): error TS1240: Unable to resolve signature of property decorator when called as an expression.
  Argument of type 'ClassFieldDecoratorContext<TareaReordenarDto, number[]> & { name: "ids"; private: false; static: false; }' is not assignable to parameter of type 'string | symbol'.
src/clarity/dto/clarity.dtos.ts(530,6): error TS1240: Unable to resolve signature of property decorator when called as an expression.
  Argument of type 'ClassFieldDecoratorContext<TareaReordenarDto, number[]> & { name: "ids"; private: false; static: false; }' is not assignable to parameter of type 'string | symbol'.
src/clarity/dto/clarity.dtos.ts(535,6): error TS1240: Unable to resolve signature of property decorator when called as an expression.
  Argument of type 'ClassFieldDecoratorContext<ReportFilterDto, number> & { name: "month"; private: false; static: false; }' is not assignable to parameter of type 'string | symbol'.
src/clarity/dto/clarity.dtos.ts(536,6): error TS1240: Unable to resolve signature of property decorator when called as an expression.
  Argument of type 'ClassFieldDecoratorContext<ReportFilterDto, number> & { name: "month"; private: false; static: false; }' is not assignable to parameter of type 'string | symbol'.
src/clarity/dto/clarity.dtos.ts(537,6): error TS1240: Unable to resolve signature of property decorator when called as an expression.
  Argument of type 'ClassFieldDecoratorContext<ReportFilterDto, number> & { name: "month"; private: false; static: false; }' is not assignable to parameter of type 'string | symbol'.
src/clarity/dto/clarity.dtos.ts(538,6): error TS1240: Unable to resolve signature of property decorator when called as an expression.
  Argument of type 'ClassFieldDecoratorContext<ReportFilterDto, number> & { name: "month"; private: false; static: false; }' is not assignable to parameter of type 'string | symbol'.
src/clarity/dto/clarity.dtos.ts(541,6): error TS1240: Unable to resolve signature of property decorator when called as an expression.
  Argument of type 'ClassFieldDecoratorContext<ReportFilterDto, number> & { name: "year"; private: false; static: false; }' is not assignable to parameter of type 'string | symbol'.
src/clarity/dto/clarity.dtos.ts(542,6): error TS1240: Unable to resolve signature of property decorator when called as an expression.
  Argument of type 'ClassFieldDecoratorContext<ReportFilterDto, number> & { name: "year"; private: false; static: false; }' is not assignable to parameter of type 'string | symbol'.
src/clarity/dto/clarity.dtos.ts(543,6): error TS1240: Unable to resolve signature of property decorator when called as an expression.
  Argument of type 'ClassFieldDecoratorContext<ReportFilterDto, number> & { name: "year"; private: false; static: false; }' is not assignable to parameter of type 'string | symbol'.
src/clarity/dto/clarity.dtos.ts(544,6): error TS1240: Unable to resolve signature of property decorator when called as an expression.
  Argument of type 'ClassFieldDecoratorContext<ReportFilterDto, number> & { name: "year"; private: false; static: false; }' is not assignable to parameter of type 'string | symbol'.
src/clarity/dto/clarity.dtos.ts(547,6): error TS1240: Unable to resolve signature of property decorator when called as an expression.
  Argument of type 'ClassFieldDecoratorContext<ReportFilterDto, number> & { name: "idProyecto"; private: false; static: false; }' is not assignable to parameter of type 'string | symbol'.
src/clarity/dto/clarity.dtos.ts(548,6): error TS1240: Unable to resolve signature of property decorator when called as an expression.
  Argument of type 'ClassFieldDecoratorContext<ReportFilterDto, number> & { name: "idProyecto"; private: false; static: false; }' is not assignable to parameter of type 'string | symbol'.
src/clarity/dto/clarity.dtos.ts(549,6): error TS1240: Unable to resolve signature of property decorator when called as an expression.
  Argument of type 'ClassFieldDecoratorContext<ReportFilterDto, number> & { name: "idProyecto"; private: false; static: false; }' is not assignable to parameter of type 'string | symbol'.
src/clarity/dto/clarity.dtos.ts(550,6): error TS1240: Unable to resolve signature of property decorator when called as an expression.
  Argument of type 'ClassFieldDecoratorContext<ReportFilterDto, number> & { name: "idProyecto"; private: false; static: false; }' is not assignable to parameter of type 'string | symbol'.
src/clarity/dto/clarity.dtos.ts(558,6): error TS1240: Unable to resolve signature of property decorator when called as an expression.
  Argument of type 'ClassFieldDecoratorContext<FocoAgregarDto, number> & { name: "idTarea"; private: false; static: false; }' is not assignable to parameter of type 'string | symbol'.
src/clarity/dto/clarity.dtos.ts(559,6): error TS1240: Unable to resolve signature of property decorator when called as an expression.
  Argument of type 'ClassFieldDecoratorContext<FocoAgregarDto, number> & { name: "idTarea"; private: false; static: false; }' is not assignable to parameter of type 'string | symbol'.
src/clarity/dto/clarity.dtos.ts(562,6): error TS1240: Unable to resolve signature of property decorator when called as an expression.
  Argument of type 'ClassFieldDecoratorContext<FocoAgregarDto, string> & { name: "fecha"; private: false; static: false; }' is not assignable to parameter of type 'string | symbol'.
src/clarity/dto/clarity.dtos.ts(563,6): error TS1240: Unable to resolve signature of property decorator when called as an expression.
  Argument of type 'ClassFieldDecoratorContext<FocoAgregarDto, string> & { name: "fecha"; private: false; static: false; }' is not assignable to parameter of type 'string | symbol'.
src/clarity/dto/clarity.dtos.ts(566,6): error TS1240: Unable to resolve signature of property decorator when called as an expression.
  Argument of type 'ClassFieldDecoratorContext<FocoAgregarDto, boolean> & { name: "esEstrategico"; private: false; static: false; }' is not assignable to parameter of type 'string | symbol'.
src/clarity/dto/clarity.dtos.ts(567,6): error TS1240: Unable to resolve signature of property decorator when called as an expression.
  Argument of type 'ClassFieldDecoratorContext<FocoAgregarDto, boolean> & { name: "esEstrategico"; private: false; static: false; }' is not assignable to parameter of type 'string | symbol'.
src/clarity/dto/clarity.dtos.ts(568,6): error TS1240: Unable to resolve signature of property decorator when called as an expression.
  Argument of type 'ClassFieldDecoratorContext<FocoAgregarDto, boolean> & { name: "esEstrategico"; private: false; static: false; }' is not assignable to parameter of type 'string | symbol'.
src/clarity/dto/clarity.dtos.ts(573,6): error TS1240: Unable to resolve signature of property decorator when called as an expression.
  Argument of type 'ClassFieldDecoratorContext<FocoActualizarDto, boolean> & { name: "esEstrategico"; private: false; static: false; }' is not assignable to parameter of type 'string | symbol'.
src/clarity/dto/clarity.dtos.ts(574,6): error TS1240: Unable to resolve signature of property decorator when called as an expression.
  Argument of type 'ClassFieldDecoratorContext<FocoActualizarDto, boolean> & { name: "esEstrategico"; private: false; static: false; }' is not assignable to parameter of type 'string | symbol'.
src/clarity/dto/clarity.dtos.ts(575,6): error TS1240: Unable to resolve signature of property decorator when called as an expression.
  Argument of type 'ClassFieldDecoratorContext<FocoActualizarDto, boolean> & { name: "esEstrategico"; private: false; static: false; }' is not assignable to parameter of type 'string | symbol'.
src/clarity/dto/clarity.dtos.ts(578,6): error TS1240: Unable to resolve signature of property decorator when called as an expression.
  Argument of type 'ClassFieldDecoratorContext<FocoActualizarDto, boolean> & { name: "completado"; private: false; static: false; }' is not assignable to parameter of type 'string | symbol'.
src/clarity/dto/clarity.dtos.ts(579,6): error TS1240: Unable to resolve signature of property decorator when called as an expression.
  Argument of type 'ClassFieldDecoratorContext<FocoActualizarDto, boolean> & { name: "completado"; private: false; static: false; }' is not assignable to parameter of type 'string | symbol'.
src/clarity/dto/clarity.dtos.ts(580,6): error TS1240: Unable to resolve signature of property decorator when called as an expression.
  Argument of type 'ClassFieldDecoratorContext<FocoActualizarDto, boolean> & { name: "completado"; private: false; static: false; }' is not assignable to parameter of type 'string | symbol'.
src/clarity/dto/clarity.dtos.ts(585,6): error TS1240: Unable to resolve signature of property decorator when called as an expression.
  Argument of type 'ClassFieldDecoratorContext<FocoReordenarDto, number[]> & { name: "ids"; private: false; static: false; }' is not assignable to parameter of type 'string | symbol'.
src/clarity/dto/clarity.dtos.ts(586,6): error TS1240: Unable to resolve signature of property decorator when called as an expression.
  Argument of type 'ClassFieldDecoratorContext<FocoReordenarDto, number[]> & { name: "ids"; private: false; static: false; }' is not assignable to parameter of type 'string | symbol'.
src/clarity/dto/clarity.dtos.ts(587,6): error TS1240: Unable to resolve signature of property decorator when called as an expression.
  Argument of type 'ClassFieldDecoratorContext<FocoReordenarDto, number[]> & { name: "ids"; private: false; static: false; }' is not assignable to parameter of type 'string | symbol'.
src/clarity/dto/clarity.dtos.ts(592,6): error TS1240: Unable to resolve signature of property decorator when called as an expression.
  Argument of type 'ClassFieldDecoratorContext<SolicitudCambioDto, number> & { name: "idTarea"; private: false; static: false; }' is not assignable to parameter of type 'string | symbol'.
src/clarity/dto/clarity.dtos.ts(593,6): error TS1240: Unable to resolve signature of property decorator when called as an expression.
  Argument of type 'ClassFieldDecoratorContext<SolicitudCambioDto, number> & { name: "idTarea"; private: false; static: false; }' is not assignable to parameter of type 'string | symbol'.
src/clarity/dto/clarity.dtos.ts(596,6): error TS1240: Unable to resolve signature of property decorator when called as an expression.
  Argument of type 'ClassFieldDecoratorContext<SolicitudCambioDto, string> & { name: "campo"; private: false; static: false; }' is not assignable to parameter of type 'string | symbol'.
src/clarity/dto/clarity.dtos.ts(597,6): error TS1240: Unable to resolve signature of property decorator when called as an expression.
  Argument of type 'ClassFieldDecoratorContext<SolicitudCambioDto, string> & { name: "campo"; private: false; static: false; }' is not assignable to parameter of type 'string | symbol'.
src/clarity/dto/clarity.dtos.ts(598,6): error TS1240: Unable to resolve signature of property decorator when called as an expression.
  Argument of type 'ClassFieldDecoratorContext<SolicitudCambioDto, string> & { name: "campo"; private: false; static: false; }' is not assignable to parameter of type 'string | symbol'.
src/clarity/dto/clarity.dtos.ts(601,6): error TS1240: Unable to resolve signature of property decorator when called as an expression.
  Argument of type 'ClassFieldDecoratorContext<SolicitudCambioDto, string> & { name: "valorNuevo"; private: false; static: false; }' is not assignable to parameter of type 'string | symbol'.
src/clarity/dto/clarity.dtos.ts(602,6): error TS1240: Unable to resolve signature of property decorator when called as an expression.
  Argument of type 'ClassFieldDecoratorContext<SolicitudCambioDto, string> & { name: "valorNuevo"; private: false; static: false; }' is not assignable to parameter of type 'string | symbol'.
src/clarity/dto/clarity.dtos.ts(605,6): error TS1240: Unable to resolve signature of property decorator when called as an expression.
  Argument of type 'ClassFieldDecoratorContext<SolicitudCambioDto, string> & { name: "motivo"; private: false; static: false; }' is not assignable to parameter of type 'string | symbol'.
src/clarity/dto/clarity.dtos.ts(606,6): error TS1240: Unable to resolve signature of property decorator when called as an expression.
  Argument of type 'ClassFieldDecoratorContext<SolicitudCambioDto, string> & { name: "motivo"; private: false; static: false; }' is not assignable to parameter of type 'string | symbol'.
src/clarity/dto/clarity.dtos.ts(607,6): error TS1240: Unable to resolve signature of property decorator when called as an expression.
  Argument of type 'ClassFieldDecoratorContext<SolicitudCambioDto, string> & { name: "motivo"; private: false; static: false; }' is not assignable to parameter of type 'string | symbol'.
src/clarity/entities/bloqueo.entity.ts(8,6): error TS1240: Unable to resolve signature of property decorator when called as an expression.
  Argument of type 'ClassFieldDecoratorContext<Bloqueo, number> & { name: "idBloqueo"; private: false; static: false; }' is not assignable to parameter of type 'string | symbol'.
src/clarity/entities/bloqueo.entity.ts(11,6): error TS1240: Unable to resolve signature of property decorator when called as an expression.
  Argument of type 'ClassFieldDecoratorContext<Bloqueo, number> & { name: "idTarea"; private: false; static: false; }' is not assignable to parameter of type 'string | symbol'.
src/clarity/entities/bloqueo.entity.ts(14,6): error TS1240: Unable to resolve signature of property decorator when called as an expression.
  Argument of type 'ClassFieldDecoratorContext<Bloqueo, Tarea> & { name: "tarea"; private: false; static: false; }' is not assignable to parameter of type 'string | symbol'.
src/clarity/entities/bloqueo.entity.ts(15,6): error TS1240: Unable to resolve signature of property decorator when called as an expression.
  Argument of type 'ClassFieldDecoratorContext<Bloqueo, Tarea> & { name: "tarea"; private: false; static: false; }' is not assignable to parameter of type 'string | symbol'.
src/clarity/entities/bloqueo.entity.ts(18,6): error TS1240: Unable to resolve signature of property decorator when called as an expression.
  Argument of type 'ClassFieldDecoratorContext<Bloqueo, number> & { name: "idOrigenUsuario"; private: false; static: false; }' is not assignable to parameter of type 'string | symbol'.
src/clarity/entities/bloqueo.entity.ts(21,6): error TS1240: Unable to resolve signature of property decorator when called as an expression.
  Argument of type 'ClassFieldDecoratorContext<Bloqueo, Usuario> & { name: "origenUsuario"; private: false; static: false; }' is not assignable to parameter of type 'string | symbol'.
src/clarity/entities/bloqueo.entity.ts(22,6): error TS1240: Unable to resolve signature of property decorator when called as an expression.
  Argument of type 'ClassFieldDecoratorContext<Bloqueo, Usuario> & { name: "origenUsuario"; private: false; static: false; }' is not assignable to parameter of type 'string | symbol'.
src/clarity/entities/bloqueo.entity.ts(25,6): error TS1240: Unable to resolve signature of property decorator when called as an expression.
  Argument of type 'ClassFieldDecoratorContext<Bloqueo, number> & { name: "idDestinoUsuario"; private: false; static: false; }' is not assignable to parameter of type 'string | symbol'.
src/clarity/entities/bloqueo.entity.ts(28,6): error TS1240: Unable to resolve signature of property decorator when called as an expression.
  Argument of type 'ClassFieldDecoratorContext<Bloqueo, Usuario> & { name: "destinoUsuario"; private: false; static: false; }' is not assignable to parameter of type 'string | symbol'.
src/clarity/entities/bloqueo.entity.ts(29,6): error TS1240: Unable to resolve signature of property decorator when called as an expression.
  Argument of type 'ClassFieldDecoratorContext<Bloqueo, Usuario> & { name: "destinoUsuario"; private: false; static: false; }' is not assignable to parameter of type 'string | symbol'.
src/clarity/entities/bloqueo.entity.ts(32,6): error TS1240: Unable to resolve signature of property decorator when called as an expression.
  Argument of type 'ClassFieldDecoratorContext<Bloqueo, string> & { name: "destinoTexto"; private: false; static: false; }' is not assignable to parameter of type 'string | symbol'.
src/clarity/entities/bloqueo.entity.ts(35,6): error TS1240: Unable to resolve signature of property decorator when called as an expression.
  Argument of type 'ClassFieldDecoratorContext<Bloqueo, string> & { name: "motivo"; private: false; static: false; }' is not assignable to parameter of type 'string | symbol'.
src/clarity/entities/bloqueo.entity.ts(38,6): error TS1240: Unable to resolve signature of property decorator when called as an expression.
  Argument of type 'ClassFieldDecoratorContext<Bloqueo, string> & { name: "accionMitigacion"; private: false; static: false; }' is not assignable to parameter of type 'string | symbol'.
src/clarity/entities/bloqueo.entity.ts(41,6): error TS1240: Unable to resolve signature of property decorator when called as an expression.
  Argument of type 'ClassFieldDecoratorContext<Bloqueo, string> & { name: "estado"; private: false; static: false; }' is not assignable to parameter of type 'string | symbol'.
src/clarity/entities/bloqueo.entity.ts(44,6): error TS1240: Unable to resolve signature of property decorator when called as an expression.
  Argument of type 'ClassFieldDecoratorContext<Bloqueo, Date> & { name: "fechaCreacion"; private: false; static: false; }' is not assignable to parameter of type 'string | symbol'.
src/clarity/entities/bloqueo.entity.ts(47,6): error TS1240: Unable to resolve signature of property decorator when called as an expression.
  Argument of type 'ClassFieldDecoratorContext<Bloqueo, Date> & { name: "fechaResolucion"; private: false; static: false; }' is not assignable to parameter of type 'string | symbol'.
src/clarity/entities/checkin-tarea.entity.ts(7,6): error TS1240: Unable to resolve signature of property decorator when called as an expression.
  Argument of type 'ClassFieldDecoratorContext<CheckinTarea, number> & { name: "idCheckinTarea"; private: false; static: false; }' is not assignable to parameter of type 'string | symbol'.
src/clarity/entities/checkin-tarea.entity.ts(10,6): error TS1240: Unable to resolve signature of property decorator when called as an expression.
  Argument of type 'ClassFieldDecoratorContext<CheckinTarea, number> & { name: "idCheckin"; private: false; static: false; }' is not assignable to parameter of type 'string | symbol'.
src/clarity/entities/checkin-tarea.entity.ts(13,6): error TS1240: Unable to resolve signature of property decorator when called as an expression.
  Argument of type 'ClassFieldDecoratorContext<CheckinTarea, Checkin> & { name: "checkin"; private: false; static: false; }' is not assignable to parameter of type 'string | symbol'.
src/clarity/entities/checkin-tarea.entity.ts(14,6): error TS1240: Unable to resolve signature of property decorator when called as an expression.
  Argument of type 'ClassFieldDecoratorContext<CheckinTarea, Checkin> & { name: "checkin"; private: false; static: false; }' is not assignable to parameter of type 'string | symbol'.
src/clarity/entities/checkin-tarea.entity.ts(17,6): error TS1240: Unable to resolve signature of property decorator when called as an expression.
  Argument of type 'ClassFieldDecoratorContext<CheckinTarea, number> & { name: "idTarea"; private: false; static: false; }' is not assignable to parameter of type 'string | symbol'.
src/clarity/entities/checkin-tarea.entity.ts(20,6): error TS1240: Unable to resolve signature of property decorator when called as an expression.
  Argument of type 'ClassFieldDecoratorContext<CheckinTarea, Tarea> & { name: "tarea"; private: false; static: false; }' is not assignable to parameter of type 'string | symbol'.
src/clarity/entities/checkin-tarea.entity.ts(21,6): error TS1240: Unable to resolve signature of property decorator when called as an expression.
  Argument of type 'ClassFieldDecoratorContext<CheckinTarea, Tarea> & { name: "tarea"; private: false; static: false; }' is not assignable to parameter of type 'string | symbol'.
src/clarity/entities/checkin-tarea.entity.ts(24,6): error TS1240: Unable to resolve signature of property decorator when called as an expression.
  Argument of type 'ClassFieldDecoratorContext<CheckinTarea, string> & { name: "tipo"; private: false; static: false; }' is not assignable to parameter of type 'string | symbol'.
src/clarity/entities/checkin.entity.ts(8,6): error TS1240: Unable to resolve signature of property decorator when called as an expression.
  Argument of type 'ClassFieldDecoratorContext<Checkin, number> & { name: "idCheckin"; private: false; static: false; }' is not assignable to parameter of type 'string | symbol'.
src/clarity/entities/checkin.entity.ts(11,6): error TS1240: Unable to resolve signature of property decorator when called as an expression.
  Argument of type 'ClassFieldDecoratorContext<Checkin, string> & { name: "fecha"; private: false; static: false; }' is not assignable to parameter of type 'string | symbol'.
src/clarity/entities/checkin.entity.ts(14,6): error TS1240: Unable to resolve signature of property decorator when called as an expression.
  Argument of type 'ClassFieldDecoratorContext<Checkin, number> & { name: "idUsuario"; private: false; static: false; }' is not assignable to parameter of type 'string | symbol'.
src/clarity/entities/checkin.entity.ts(17,6): error TS1240: Unable to resolve signature of property decorator when called as an expression.
  Argument of type 'ClassFieldDecoratorContext<Checkin, Usuario> & { name: "usuario"; private: false; static: false; }' is not assignable to parameter of type 'string | symbol'.
src/clarity/entities/checkin.entity.ts(18,6): error TS1240: Unable to resolve signature of property decorator when called as an expression.
  Argument of type 'ClassFieldDecoratorContext<Checkin, Usuario> & { name: "usuario"; private: false; static: false; }' is not assignable to parameter of type 'string | symbol'.
src/clarity/entities/checkin.entity.ts(21,6): error TS1240: Unable to resolve signature of property decorator when called as an expression.
  Argument of type 'ClassFieldDecoratorContext<Checkin, number> & { name: "idNodo"; private: false; static: false; }' is not assignable to parameter of type 'string | symbol'.
src/clarity/entities/checkin.entity.ts(24,6): error TS1240: Unable to resolve signature of property decorator when called as an expression.
  Argument of type 'ClassFieldDecoratorContext<Checkin, string> & { name: "entregableTexto"; private: false; static: false; }' is not assignable to parameter of type 'string | symbol'.
src/clarity/entities/checkin.entity.ts(27,6): error TS1240: Unable to resolve signature of property decorator when called as an expression.
  Argument of type 'ClassFieldDecoratorContext<Checkin, string> & { name: "nota"; private: false; static: false; }' is not assignable to parameter of type 'string | symbol'.
src/clarity/entities/checkin.entity.ts(30,6): error TS1240: Unable to resolve signature of property decorator when called as an expression.
  Argument of type 'ClassFieldDecoratorContext<Checkin, string> & { name: "linkEvidencia"; private: false; static: false; }' is not assignable to parameter of type 'string | symbol'.
src/clarity/entities/checkin.entity.ts(33,6): error TS1240: Unable to resolve signature of property decorator when called as an expression.
  Argument of type 'ClassFieldDecoratorContext<Checkin, string> & { name: "estadoAnimo"; private: false; static: false; }' is not assignable to parameter of type 'string | symbol'.
src/clarity/entities/checkin.entity.ts(36,6): error TS1240: Unable to resolve signature of property decorator when called as an expression.
  Argument of type 'ClassFieldDecoratorContext<Checkin, Date> & { name: "fechaCreacion"; private: false; static: false; }' is not assignable to parameter of type 'string | symbol'.
src/clarity/entities/checkin.entity.ts(39,6): error TS1240: Unable to resolve signature of property decorator when called as an expression.
  Argument of type 'ClassFieldDecoratorContext<Checkin, CheckinTarea[]> & { name: "tareas"; private: false; static: false; }' is not assignable to parameter of type 'string | symbol'.
src/clarity/governance_deep.spec.ts(71,23): error TS2339: Property 'requiresApproval' does not exist on type 'Tarea | { requiresApproval: boolean; solicitudId: number; message: string; }'.
  Property 'requiresApproval' does not exist on type 'Tarea'.
src/clarity/tasks.service.ts(27,9): error TS1206: Decorators are not valid here.
src/clarity/tasks.service.ts(28,9): error TS1206: Decorators are not valid here.
src/clarity/tasks.service.ts(29,9): error TS1206: Decorators are not valid here.
src/clarity/tasks.service.ts(30,9): error TS1206: Decorators are not valid here.
src/clarity/tasks.service.ts(31,9): error TS1206: Decorators are not valid here.
src/clarity/tasks.service.ts(32,9): error TS1206: Decorators are not valid here.
src/clarity/tasks.service.ts(33,9): error TS1206: Decorators are not valid here.
src/clarity/tasks.service.ts(34,9): error TS1206: Decorators are not valid here.
src/clarity/tasks.service.ts(35,9): error TS1206: Decorators are not valid here.
src/clarity/tasks.service.ts(36,9): error TS1206: Decorators are not valid here.
src/clarity/tasks.service.ts(37,9): error TS1206: Decorators are not valid here.
src/common/audit.service.ts(77,9): error TS1206: Decorators are not valid here.
src/common/audit.service.ts(79,9): error TS1206: Decorators are not valid here.
src/common/entities/audit-log.entity.ts(6,6): error TS1240: Unable to resolve signature of property decorator when called as an expression.
  Argument of type 'ClassFieldDecoratorContext<AuditLog, number> & { name: "idAudit"; private: false; static: false; }' is not assignable to parameter of type 'string | symbol'.
src/common/entities/audit-log.entity.ts(9,6): error TS1240: Unable to resolve signature of property decorator when called as an expression.
  Argument of type 'ClassFieldDecoratorContext<AuditLog, number> & { name: "idUsuario"; private: false; static: false; }' is not assignable to parameter of type 'string | symbol'.
src/common/entities/audit-log.entity.ts(12,6): error TS1240: Unable to resolve signature of property decorator when called as an expression.
  Argument of type 'ClassFieldDecoratorContext<AuditLog, Usuario> & { name: "usuario"; private: false; static: false; }' is not assignable to parameter of type 'string | symbol'.
src/common/entities/audit-log.entity.ts(13,6): error TS1240: Unable to resolve signature of property decorator when called as an expression.
  Argument of type 'ClassFieldDecoratorContext<AuditLog, Usuario> & { name: "usuario"; private: false; static: false; }' is not assignable to parameter of type 'string | symbol'.
src/common/entities/audit-log.entity.ts(16,6): error TS1240: Unable to resolve signature of property decorator when called as an expression.
  Argument of type 'ClassFieldDecoratorContext<AuditLog, string> & { name: "accion"; private: false; static: false; }' is not assignable to parameter of type 'string | symbol'.
src/common/entities/audit-log.entity.ts(19,6): error TS1240: Unable to resolve signature of property decorator when called as an expression.
  Argument of type 'ClassFieldDecoratorContext<AuditLog, string> & { name: "recurso"; private: false; static: false; }' is not assignable to parameter of type 'string | symbol'.
src/common/entities/audit-log.entity.ts(22,6): error TS1240: Unable to resolve signature of property decorator when called as an expression.
  Argument of type 'ClassFieldDecoratorContext<AuditLog, string> & { name: "recursoId"; private: false; static: false; }' is not assignable to parameter of type 'string | symbol'.
src/common/entities/audit-log.entity.ts(25,6): error TS1240: Unable to resolve signature of property decorator when called as an expression.
  Argument of type 'ClassFieldDecoratorContext<AuditLog, string> & { name: "detalles"; private: false; static: false; }' is not assignable to parameter of type 'string | symbol'.
src/common/entities/audit-log.entity.ts(28,6): error TS1240: Unable to resolve signature of property decorator when called as an expression.
  Argument of type 'ClassFieldDecoratorContext<AuditLog, string> & { name: "ip"; private: false; static: false; }' is not assignable to parameter of type 'string | symbol'.
src/common/entities/audit-log.entity.ts(31,6): error TS1240: Unable to resolve signature of property decorator when called as an expression.
  Argument of type 'ClassFieldDecoratorContext<AuditLog, Date> & { name: "fecha"; private: false; static: false; }' is not assignable to parameter of type 'string | symbol'.
src/common/entities/log-sistema.entity.ts(5,6): error TS1240: Unable to resolve signature of property decorator when called as an expression.
  Argument of type 'ClassFieldDecoratorContext<LogSistema, number> & { name: "idLog"; private: false; static: false; }' is not assignable to parameter of type 'string | symbol'.
src/common/entities/log-sistema.entity.ts(8,6): error TS1240: Unable to resolve signature of property decorator when called as an expression.
  Argument of type 'ClassFieldDecoratorContext<LogSistema, string> & { name: "nivel"; private: false; static: false; }' is not assignable to parameter of type 'string | symbol'.
src/common/entities/log-sistema.entity.ts(11,6): error TS1240: Unable to resolve signature of property decorator when called as an expression.
  Argument of type 'ClassFieldDecoratorContext<LogSistema, string> & { name: "origen"; private: false; static: false; }' is not assignable to parameter of type 'string | symbol'.
src/common/entities/log-sistema.entity.ts(14,6): error TS1240: Unable to resolve signature of property decorator when called as an expression.
  Argument of type 'ClassFieldDecoratorContext<LogSistema, string> & { name: "mensaje"; private: false; static: false; }' is not assignable to parameter of type 'string | symbol'.
src/common/entities/log-sistema.entity.ts(17,6): error TS1240: Unable to resolve signature of property decorator when called as an expression.
  Argument of type 'ClassFieldDecoratorContext<LogSistema, string> & { name: "stack"; private: false; static: false; }' is not assignable to parameter of type 'string | symbol'.
src/common/entities/log-sistema.entity.ts(20,6): error TS1240: Unable to resolve signature of property decorator when called as an expression.
  Argument of type 'ClassFieldDecoratorContext<LogSistema, number> & { name: "idUsuario"; private: false; static: false; }' is not assignable to parameter of type 'string | symbol'.
src/common/entities/log-sistema.entity.ts(23,6): error TS1240: Unable to resolve signature of property decorator when called as an expression.
  Argument of type 'ClassFieldDecoratorContext<LogSistema, Date> & { name: "fecha"; private: false; static: false; }' is not assignable to parameter of type 'string | symbol'.
src/planning/entities/plan-trabajo.entity.ts(9,6): error TS1240: Unable to resolve signature of property decorator when called as an expression.
  Argument of type 'ClassFieldDecoratorContext<PlanTrabajo, number> & { name: "idPlan"; private: false; static: false; }' is not assignable to parameter of type 'string | symbol'.
src/planning/entities/plan-trabajo.entity.ts(12,6): error TS1240: Unable to resolve signature of property decorator when called as an expression.
  Argument of type 'ClassFieldDecoratorContext<PlanTrabajo, string> & { name: "nombre"; private: false; static: false; }' is not assignable to parameter of type 'string | symbol'.
src/planning/entities/plan-trabajo.entity.ts(15,6): error TS1240: Unable to resolve signature of property decorator when called as an expression.
  Argument of type 'ClassFieldDecoratorContext<PlanTrabajo, number> & { name: "idProyecto"; private: false; static: false; }' is not assignable to parameter of type 'string | symbol'.
src/planning/entities/plan-trabajo.entity.ts(18,6): error TS1240: Unable to resolve signature of property decorator when called as an expression.
  Argument of type 'ClassFieldDecoratorContext<PlanTrabajo, number> & { name: "idUsuario"; private: false; static: false; }' is not assignable to parameter of type 'string | symbol'.
src/planning/entities/plan-trabajo.entity.ts(21,6): error TS1240: Unable to resolve signature of property decorator when called as an expression.
  Argument of type 'ClassFieldDecoratorContext<PlanTrabajo, Usuario> & { name: "usuario"; private: false; static: false; }' is not assignable to parameter of type 'string | symbol'.
src/planning/entities/plan-trabajo.entity.ts(22,6): error TS1240: Unable to resolve signature of property decorator when called as an expression.
  Argument of type 'ClassFieldDecoratorContext<PlanTrabajo, Usuario> & { name: "usuario"; private: false; static: false; }' is not assignable to parameter of type 'string | symbol'.
src/planning/entities/plan-trabajo.entity.ts(25,6): error TS1240: Unable to resolve signature of property decorator when called as an expression.
  Argument of type 'ClassFieldDecoratorContext<PlanTrabajo, number> & { name: "mes"; private: false; static: false; }' is not assignable to parameter of type 'string | symbol'.
src/planning/entities/plan-trabajo.entity.ts(28,6): error TS1240: Unable to resolve signature of property decorator when called as an expression.
  Argument of type 'ClassFieldDecoratorContext<PlanTrabajo, number> & { name: "anio"; private: false; static: false; }' is not assignable to parameter of type 'string | symbol'.
src/planning/entities/plan-trabajo.entity.ts(31,6): error TS1240: Unable to resolve signature of property decorator when called as an expression.
  Argument of type 'ClassFieldDecoratorContext<PlanTrabajo, string> & { name: "estado"; private: false; static: false; }' is not assignable to parameter of type 'string | symbol'.
src/planning/entities/plan-trabajo.entity.ts(34,6): error TS1240: Unable to resolve signature of property decorator when called as an expression.
  Argument of type 'ClassFieldDecoratorContext<PlanTrabajo, string> & { name: "objetivoGeneral"; private: false; static: false; }' is not assignable to parameter of type 'string | symbol'.
src/planning/entities/plan-trabajo.entity.ts(37,6): error TS1240: Unable to resolve signature of property decorator when called as an expression.
  Argument of type 'ClassFieldDecoratorContext<PlanTrabajo, string> & { name: "resumenCierre"; private: false; static: false; }' is not assignable to parameter of type 'string | symbol'.
src/planning/entities/plan-trabajo.entity.ts(40,6): error TS1240: Unable to resolve signature of property decorator when called as an expression.
  Argument of type 'ClassFieldDecoratorContext<PlanTrabajo, number> & { name: "idCreador"; private: false; static: false; }' is not assignable to parameter of type 'string | symbol'.
src/planning/entities/plan-trabajo.entity.ts(43,6): error TS1240: Unable to resolve signature of property decorator when called as an expression.
  Argument of type 'ClassFieldDecoratorContext<PlanTrabajo, Usuario> & { name: "creador"; private: false; static: false; }' is not assignable to parameter of type 'string | symbol'.
src/planning/entities/plan-trabajo.entity.ts(44,6): error TS1240: Unable to resolve signature of property decorator when called as an expression.
  Argument of type 'ClassFieldDecoratorContext<PlanTrabajo, Usuario> & { name: "creador"; private: false; static: false; }' is not assignable to parameter of type 'string | symbol'.
src/planning/entities/plan-trabajo.entity.ts(48,6): error TS1240: Unable to resolve signature of property decorator when called as an expression.
  Argument of type 'ClassFieldDecoratorContext<PlanTrabajo, string> & { name: "area"; private: false; static: false; }' is not assignable to parameter of type 'string | symbol'.
src/planning/entities/plan-trabajo.entity.ts(51,6): error TS1240: Unable to resolve signature of property decorator when called as an expression.
  Argument of type 'ClassFieldDecoratorContext<PlanTrabajo, string> & { name: "subgerencia"; private: false; static: false; }' is not assignable to parameter of type 'string | symbol'.
src/planning/entities/plan-trabajo.entity.ts(54,6): error TS1240: Unable to resolve signature of property decorator when called as an expression.
  Argument of type 'ClassFieldDecoratorContext<PlanTrabajo, string> & { name: "gerencia"; private: false; static: false; }' is not assignable to parameter of type 'string | symbol'.
src/planning/entities/plan-trabajo.entity.ts(57,6): error TS1240: Unable to resolve signature of property decorator when called as an expression.
  Argument of type 'ClassFieldDecoratorContext<PlanTrabajo, Date> & { name: "fechaCreacion"; private: false; static: false; }' is not assignable to parameter of type 'string | symbol'.
src/planning/entities/plan-trabajo.entity.ts(60,6): error TS1240: Unable to resolve signature of property decorator when called as an expression.
  Argument of type 'ClassFieldDecoratorContext<PlanTrabajo, Date> & { name: "fechaActualizacion"; private: false; static: false; }' is not assignable to parameter of type 'string | symbol'.
src/planning/entities/plan-trabajo.entity.ts(63,6): error TS1240: Unable to resolve signature of property decorator when called as an expression.
  Argument of type 'ClassFieldDecoratorContext<PlanTrabajo, Tarea[]> & { name: "tareas"; private: false; static: false; }' is not assignable to parameter of type 'string | symbol'.
src/planning/entities/proyecto.entity.ts(7,6): error TS1240: Unable to resolve signature of property decorator when called as an expression.
  Argument of type 'ClassFieldDecoratorContext<Proyecto, number> & { name: "idProyecto"; private: false; static: false; }' is not assignable to parameter of type 'string | symbol'.
src/planning/entities/proyecto.entity.ts(10,6): error TS1240: Unable to resolve signature of property decorator when called as an expression.
  Argument of type 'ClassFieldDecoratorContext<Proyecto, string> & { name: "nombre"; private: false; static: false; }' is not assignable to parameter of type 'string | symbol'.
src/planning/entities/proyecto.entity.ts(13,6): error TS1240: Unable to resolve signature of property decorator when called as an expression.
  Argument of type 'ClassFieldDecoratorContext<Proyecto, string> & { name: "descripcion"; private: false; static: false; }' is not assignable to parameter of type 'string | symbol'.
src/planning/entities/proyecto.entity.ts(16,6): error TS1240: Unable to resolve signature of property decorator when called as an expression.
  Argument of type 'ClassFieldDecoratorContext<Proyecto, number> & { name: "idNodoDuenio"; private: false; static: false; }' is not assignable to parameter of type 'string | symbol'.
src/planning/entities/proyecto.entity.ts(19,6): error TS1240: Unable to resolve signature of property decorator when called as an expression.
  Argument of type 'ClassFieldDecoratorContext<Proyecto, OrganizacionNodo> & { name: "nodoDuenio"; private: false; static: false; }' is not assignable to parameter of type 'string | symbol'.
src/planning/entities/proyecto.entity.ts(20,6): error TS1240: Unable to resolve signature of property decorator when called as an expression.
  Argument of type 'ClassFieldDecoratorContext<Proyecto, OrganizacionNodo> & { name: "nodoDuenio"; private: false; static: false; }' is not assignable to parameter of type 'string | symbol'.
src/planning/entities/proyecto.entity.ts(23,6): error TS1240: Unable to resolve signature of property decorator when called as an expression.
  Argument of type 'ClassFieldDecoratorContext<Proyecto, Date> & { name: "fechaCreacion"; private: false; static: false; }' is not assignable to parameter of type 'string | symbol'.
src/planning/entities/proyecto.entity.ts(26,6): error TS1240: Unable to resolve signature of property decorator when called as an expression.
  Argument of type 'ClassFieldDecoratorContext<Proyecto, string> & { name: "pais"; private: false; static: false; }' is not assignable to parameter of type 'string | symbol'.
src/planning/entities/proyecto.entity.ts(29,6): error TS1240: Unable to resolve signature of property decorator when called as an expression.
  Argument of type 'ClassFieldDecoratorContext<Proyecto, Tarea[]> & { name: "tareas"; private: false; static: false; }' is not assignable to parameter of type 'string | symbol'.
src/planning/entities/proyecto.entity.ts(32,6): error TS1240: Unable to resolve signature of property decorator when called as an expression.
  Argument of type 'ClassFieldDecoratorContext<Proyecto, string> & { name: "tipo"; private: false; static: false; }' is not assignable to parameter of type 'string | symbol'.
src/planning/entities/proyecto.entity.ts(35,6): error TS1240: Unable to resolve signature of property decorator when called as an expression.
  Argument of type 'ClassFieldDecoratorContext<Proyecto, string> & { name: "estado"; private: false; static: false; }' is not assignable to parameter of type 'string | symbol'.
src/planning/entities/proyecto.entity.ts(38,6): error TS1240: Unable to resolve signature of property decorator when called as an expression.
  Argument of type 'ClassFieldDecoratorContext<Proyecto, boolean> & { name: "requiereAprobacion"; private: false; static: false; }' is not assignable to parameter of type 'string | symbol'.
src/planning/entities/proyecto.entity.ts(41,6): error TS1240: Unable to resolve signature of property decorator when called as an expression.
  Argument of type 'ClassFieldDecoratorContext<Proyecto, boolean> & { name: "enllavado"; private: false; static: false; }' is not assignable to parameter of type 'string | symbol'.
src/planning/entities/proyecto.entity.ts(44,6): error TS1240: Unable to resolve signature of property decorator when called as an expression.
  Argument of type 'ClassFieldDecoratorContext<Proyecto, Date> & { name: "fechaInicio"; private: false; static: false; }' is not assignable to parameter of type 'string | symbol'.
src/planning/entities/proyecto.entity.ts(47,6): error TS1240: Unable to resolve signature of property decorator when called as an expression.
  Argument of type 'ClassFieldDecoratorContext<Proyecto, Date> & { name: "fechaFin"; private: false; static: false; }' is not assignable to parameter of type 'string | symbol'.
src/planning/entities/proyecto.entity.ts(50,6): error TS1240: Unable to resolve signature of property decorator when called as an expression.
  Argument of type 'ClassFieldDecoratorContext<Proyecto, string> & { name: "area"; private: false; static: false; }' is not assignable to parameter of type 'string | symbol'.
src/planning/entities/proyecto.entity.ts(53,6): error TS1240: Unable to resolve signature of property decorator when called as an expression.
  Argument of type 'ClassFieldDecoratorContext<Proyecto, string> & { name: "subgerencia"; private: false; static: false; }' is not assignable to parameter of type 'string | symbol'.
src/planning/entities/proyecto.entity.ts(56,6): error TS1240: Unable to resolve signature of property decorator when called as an expression.
  Argument of type 'ClassFieldDecoratorContext<Proyecto, string> & { name: "gerencia"; private: false; static: false; }' is not assignable to parameter of type 'string | symbol'.
src/planning/entities/solicitud-cambio.entity.ts(7,6): error TS1240: Unable to resolve signature of property decorator when called as an expression.
  Argument of type 'ClassFieldDecoratorContext<SolicitudCambio, number> & { name: "idSolicitud"; private: false; static: false; }' is not assignable to parameter of type 'string | symbol'.
src/planning/entities/solicitud-cambio.entity.ts(10,6): error TS1240: Unable to resolve signature of property decorator when called as an expression.
  Argument of type 'ClassFieldDecoratorContext<SolicitudCambio, number> & { name: "idTarea"; private: false; static: false; }' is not assignable to parameter of type 'string | symbol'.
src/planning/entities/solicitud-cambio.entity.ts(13,6): error TS1240: Unable to resolve signature of property decorator when called as an expression.
  Argument of type 'ClassFieldDecoratorContext<SolicitudCambio, Tarea> & { name: "tarea"; private: false; static: false; }' is not assignable to parameter of type 'string | symbol'.
src/planning/entities/solicitud-cambio.entity.ts(14,6): error TS1240: Unable to resolve signature of property decorator when called as an expression.
  Argument of type 'ClassFieldDecoratorContext<SolicitudCambio, Tarea> & { name: "tarea"; private: false; static: false; }' is not assignable to parameter of type 'string | symbol'.
src/planning/entities/solicitud-cambio.entity.ts(17,6): error TS1240: Unable to resolve signature of property decorator when called as an expression.
  Argument of type 'ClassFieldDecoratorContext<SolicitudCambio, number> & { name: "idUsuarioSolicitante"; private: false; static: false; }' is not assignable to parameter of type 'string | symbol'.
src/planning/entities/solicitud-cambio.entity.ts(20,6): error TS1240: Unable to resolve signature of property decorator when called as an expression.
  Argument of type 'ClassFieldDecoratorContext<SolicitudCambio, Usuario> & { name: "usuarioSolicitante"; private: false; static: false; }' is not assignable to parameter of type 'string | symbol'.
src/planning/entities/solicitud-cambio.entity.ts(21,6): error TS1240: Unable to resolve signature of property decorator when called as an expression.
  Argument of type 'ClassFieldDecoratorContext<SolicitudCambio, Usuario> & { name: "usuarioSolicitante"; private: false; static: false; }' is not assignable to parameter of type 'string | symbol'.
src/planning/entities/solicitud-cambio.entity.ts(24,6): error TS1240: Unable to resolve signature of property decorator when called as an expression.
  Argument of type 'ClassFieldDecoratorContext<SolicitudCambio, string> & { name: "campoAfectado"; private: false; static: false; }' is not assignable to parameter of type 'string | symbol'.
src/planning/entities/solicitud-cambio.entity.ts(27,6): error TS1240: Unable to resolve signature of property decorator when called as an expression.
  Argument of type 'ClassFieldDecoratorContext<SolicitudCambio, string> & { name: "valorAnterior"; private: false; static: false; }' is not assignable to parameter of type 'string | symbol'.
src/planning/entities/solicitud-cambio.entity.ts(30,6): error TS1240: Unable to resolve signature of property decorator when called as an expression.
  Argument of type 'ClassFieldDecoratorContext<SolicitudCambio, string> & { name: "valorNuevo"; private: false; static: false; }' is not assignable to parameter of type 'string | symbol'.
src/planning/entities/solicitud-cambio.entity.ts(33,6): error TS1240: Unable to resolve signature of property decorator when called as an expression.
  Argument of type 'ClassFieldDecoratorContext<SolicitudCambio, string> & { name: "motivo"; private: false; static: false; }' is not assignable to parameter of type 'string | symbol'.
src/planning/entities/solicitud-cambio.entity.ts(36,6): error TS1240: Unable to resolve signature of property decorator when called as an expression.
  Argument of type 'ClassFieldDecoratorContext<SolicitudCambio, string> & { name: "estado"; private: false; static: false; }' is not assignable to parameter of type 'string | symbol'.
src/planning/entities/solicitud-cambio.entity.ts(39,6): error TS1240: Unable to resolve signature of property decorator when called as an expression.
  Argument of type 'ClassFieldDecoratorContext<SolicitudCambio, number> & { name: "idAprobador"; private: false; static: false; }' is not assignable to parameter of type 'string | symbol'.
src/planning/entities/solicitud-cambio.entity.ts(42,6): error TS1240: Unable to resolve signature of property decorator when called as an expression.
  Argument of type 'ClassFieldDecoratorContext<SolicitudCambio, Usuario> & { name: "aprobador"; private: false; static: false; }' is not assignable to parameter of type 'string | symbol'.
src/planning/entities/solicitud-cambio.entity.ts(43,6): error TS1240: Unable to resolve signature of property decorator when called as an expression.
  Argument of type 'ClassFieldDecoratorContext<SolicitudCambio, Usuario> & { name: "aprobador"; private: false; static: false; }' is not assignable to parameter of type 'string | symbol'.
src/planning/entities/solicitud-cambio.entity.ts(46,6): error TS1240: Unable to resolve signature of property decorator when called as an expression.
  Argument of type 'ClassFieldDecoratorContext<SolicitudCambio, string> & { name: "motivoRechazo"; private: false; static: false; }' is not assignable to parameter of type 'string | symbol'.
src/planning/entities/solicitud-cambio.entity.ts(49,6): error TS1240: Unable to resolve signature of property decorator when called as an expression.
  Argument of type 'ClassFieldDecoratorContext<SolicitudCambio, Date> & { name: "fechaSolicitud"; private: false; static: false; }' is not assignable to parameter of type 'string | symbol'.
src/planning/entities/solicitud-cambio.entity.ts(52,6): error TS1240: Unable to resolve signature of property decorator when called as an expression.
  Argument of type 'ClassFieldDecoratorContext<SolicitudCambio, Date> & { name: "fechaRespuesta"; private: false; static: false; }' is not assignable to parameter of type 'string | symbol'.
src/planning/entities/tarea-asignado.entity.ts(8,6): error TS1240: Unable to resolve signature of property decorator when called as an expression.
  Argument of type 'ClassFieldDecoratorContext<TareaAsignado, number> & { name: "idAsignacion"; private: false; static: false; }' is not assignable to parameter of type 'string | symbol'.
src/planning/entities/tarea-asignado.entity.ts(11,6): error TS1240: Unable to resolve signature of property decorator when called as an expression.
  Argument of type 'ClassFieldDecoratorContext<TareaAsignado, number> & { name: "idTarea"; private: false; static: false; }' is not assignable to parameter of type 'string | symbol'.
src/planning/entities/tarea-asignado.entity.ts(14,6): error TS1240: Unable to resolve signature of property decorator when called as an expression.
  Argument of type 'ClassFieldDecoratorContext<TareaAsignado, Tarea> & { name: "tarea"; private: false; static: false; }' is not assignable to parameter of type 'string | symbol'.
src/planning/entities/tarea-asignado.entity.ts(15,6): error TS1240: Unable to resolve signature of property decorator when called as an expression.
  Argument of type 'ClassFieldDecoratorContext<TareaAsignado, Tarea> & { name: "tarea"; private: false; static: false; }' is not assignable to parameter of type 'string | symbol'.
src/planning/entities/tarea-asignado.entity.ts(18,6): error TS1240: Unable to resolve signature of property decorator when called as an expression.
  Argument of type 'ClassFieldDecoratorContext<TareaAsignado, number> & { name: "idUsuario"; private: false; static: false; }' is not assignable to parameter of type 'string | symbol'.
src/planning/entities/tarea-asignado.entity.ts(21,6): error TS1240: Unable to resolve signature of property decorator when called as an expression.
  Argument of type 'ClassFieldDecoratorContext<TareaAsignado, Usuario> & { name: "usuario"; private: false; static: false; }' is not assignable to parameter of type 'string | symbol'.
src/planning/entities/tarea-asignado.entity.ts(22,6): error TS1240: Unable to resolve signature of property decorator when called as an expression.
  Argument of type 'ClassFieldDecoratorContext<TareaAsignado, Usuario> & { name: "usuario"; private: false; static: false; }' is not assignable to parameter of type 'string | symbol'.
src/planning/entities/tarea-asignado.entity.ts(25,6): error TS1240: Unable to resolve signature of property decorator when called as an expression.
  Argument of type 'ClassFieldDecoratorContext<TareaAsignado, string> & { name: "tipo"; private: false; static: false; }' is not assignable to parameter of type 'string | symbol'.
src/planning/entities/tarea-avance.entity.ts(8,6): error TS1240: Unable to resolve signature of property decorator when called as an expression.
  Argument of type 'ClassFieldDecoratorContext<TareaAvance, number> & { name: "idAvance"; private: false; static: false; }' is not assignable to parameter of type 'string | symbol'.
src/planning/entities/tarea-avance.entity.ts(11,6): error TS1240: Unable to resolve signature of property decorator when called as an expression.
  Argument of type 'ClassFieldDecoratorContext<TareaAvance, number> & { name: "idTarea"; private: false; static: false; }' is not assignable to parameter of type 'string | symbol'.
src/planning/entities/tarea-avance.entity.ts(14,6): error TS1240: Unable to resolve signature of property decorator when called as an expression.
  Argument of type 'ClassFieldDecoratorContext<TareaAvance, Tarea> & { name: "tarea"; private: false; static: false; }' is not assignable to parameter of type 'string | symbol'.
src/planning/entities/tarea-avance.entity.ts(15,6): error TS1240: Unable to resolve signature of property decorator when called as an expression.
  Argument of type 'ClassFieldDecoratorContext<TareaAvance, Tarea> & { name: "tarea"; private: false; static: false; }' is not assignable to parameter of type 'string | symbol'.
src/planning/entities/tarea-avance.entity.ts(18,6): error TS1240: Unable to resolve signature of property decorator when called as an expression.
  Argument of type 'ClassFieldDecoratorContext<TareaAvance, string> & { name: "comentario"; private: false; static: false; }' is not assignable to parameter of type 'string | symbol'.
src/planning/entities/tarea-avance.entity.ts(21,6): error TS1240: Unable to resolve signature of property decorator when called as an expression.
  Argument of type 'ClassFieldDecoratorContext<TareaAvance, number> & { name: "progreso"; private: false; static: false; }' is not assignable to parameter of type 'string | symbol'.
src/planning/entities/tarea-avance.entity.ts(24,6): error TS1240: Unable to resolve signature of property decorator when called as an expression.
  Argument of type 'ClassFieldDecoratorContext<TareaAvance, Date> & { name: "fechaCreacion"; private: false; static: false; }' is not assignable to parameter of type 'string | symbol'.
src/planning/entities/tarea-avance.entity.ts(27,6): error TS1240: Unable to resolve signature of property decorator when called as an expression.
  Argument of type 'ClassFieldDecoratorContext<TareaAvance, number> & { name: "idUsuario"; private: false; static: false; }' is not assignable to parameter of type 'string | symbol'.
src/planning/entities/tarea-avance.entity.ts(30,6): error TS1240: Unable to resolve signature of property decorator when called as an expression.
  Argument of type 'ClassFieldDecoratorContext<TareaAvance, Usuario> & { name: "usuario"; private: false; static: false; }' is not assignable to parameter of type 'string | symbol'.
src/planning/entities/tarea-avance.entity.ts(31,6): error TS1240: Unable to resolve signature of property decorator when called as an expression.
  Argument of type 'ClassFieldDecoratorContext<TareaAvance, Usuario> & { name: "usuario"; private: false; static: false; }' is not assignable to parameter of type 'string | symbol'.
src/planning/entities/tarea.entity.ts(11,6): error TS1240: Unable to resolve signature of property decorator when called as an expression.
  Argument of type 'ClassFieldDecoratorContext<Tarea, number> & { name: "idTarea"; private: false; static: false; }' is not assignable to parameter of type 'string | symbol'.
src/planning/entities/tarea.entity.ts(17,6): error TS1240: Unable to resolve signature of property decorator when called as an expression.
  Argument of type 'ClassFieldDecoratorContext<Tarea, number> & { name: "idProyecto"; private: false; static: false; }' is not assignable to parameter of type 'string | symbol'.
src/planning/entities/tarea.entity.ts(20,6): error TS1240: Unable to resolve signature of property decorator when called as an expression.
  Argument of type 'ClassFieldDecoratorContext<Tarea, number> & { name: "idPlan"; private: false; static: false; }' is not assignable to parameter of type 'string | symbol'.
src/planning/entities/tarea.entity.ts(23,6): error TS1240: Unable to resolve signature of property decorator when called as an expression.
  Argument of type 'ClassFieldDecoratorContext<Tarea, PlanTrabajo> & { name: "plan"; private: false; static: false; }' is not assignable to parameter of type 'string | symbol'.
src/planning/entities/tarea.entity.ts(24,6): error TS1240: Unable to resolve signature of property decorator when called as an expression.
  Argument of type 'ClassFieldDecoratorContext<Tarea, PlanTrabajo> & { name: "plan"; private: false; static: false; }' is not assignable to parameter of type 'string | symbol'.
src/planning/entities/tarea.entity.ts(27,6): error TS1240: Unable to resolve signature of property decorator when called as an expression.
  Argument of type 'ClassFieldDecoratorContext<Tarea, Proyecto> & { name: "proyecto"; private: false; static: false; }' is not assignable to parameter of type 'string | symbol'.
src/planning/entities/tarea.entity.ts(28,6): error TS1240: Unable to resolve signature of property decorator when called as an expression.
  Argument of type 'ClassFieldDecoratorContext<Tarea, Proyecto> & { name: "proyecto"; private: false; static: false; }' is not assignable to parameter of type 'string | symbol'.
src/planning/entities/tarea.entity.ts(31,6): error TS1240: Unable to resolve signature of property decorator when called as an expression.
  Argument of type 'ClassFieldDecoratorContext<Tarea, string> & { name: "titulo"; private: false; static: false; }' is not assignable to parameter of type 'string | symbol'.
src/planning/entities/tarea.entity.ts(34,6): error TS1240: Unable to resolve signature of property decorator when called as an expression.
  Argument of type 'ClassFieldDecoratorContext<Tarea, string> & { name: "descripcion"; private: false; static: false; }' is not assignable to parameter of type 'string | symbol'.
src/planning/entities/tarea.entity.ts(37,6): error TS1240: Unable to resolve signature of property decorator when called as an expression.
  Argument of type 'ClassFieldDecoratorContext<Tarea, string> & { name: "estado"; private: false; static: false; }' is not assignable to parameter of type 'string | symbol'.
src/planning/entities/tarea.entity.ts(40,6): error TS1240: Unable to resolve signature of property decorator when called as an expression.
  Argument of type 'ClassFieldDecoratorContext<Tarea, string> & { name: "prioridad"; private: false; static: false; }' is not assignable to parameter of type 'string | symbol'.
src/planning/entities/tarea.entity.ts(43,6): error TS1240: Unable to resolve signature of property decorator when called as an expression.
  Argument of type 'ClassFieldDecoratorContext<Tarea, string> & { name: "esfuerzo"; private: false; static: false; }' is not assignable to parameter of type 'string | symbol'.
src/planning/entities/tarea.entity.ts(46,6): error TS1240: Unable to resolve signature of property decorator when called as an expression.
  Argument of type 'ClassFieldDecoratorContext<Tarea, string> & { name: "tipo"; private: false; static: false; }' is not assignable to parameter of type 'string | symbol'.
src/planning/entities/tarea.entity.ts(49,6): error TS1240: Unable to resolve signature of property decorator when called as an expression.
  Argument of type 'ClassFieldDecoratorContext<Tarea, string> & { name: "fechaInicioPlanificada"; private: false; static: false; }' is not assignable to parameter of type 'string | symbol'.
src/planning/entities/tarea.entity.ts(52,6): error TS1240: Unable to resolve signature of property decorator when called as an expression.
  Argument of type 'ClassFieldDecoratorContext<Tarea, string> & { name: "fechaObjetivo"; private: false; static: false; }' is not assignable to parameter of type 'string | symbol'.
src/planning/entities/tarea.entity.ts(55,6): error TS1240: Unable to resolve signature of property decorator when called as an expression.
  Argument of type 'ClassFieldDecoratorContext<Tarea, Date> & { name: "fechaEnCurso"; private: false; static: false; }' is not assignable to parameter of type 'string | symbol'.
src/planning/entities/tarea.entity.ts(58,6): error TS1240: Unable to resolve signature of property decorator when called as an expression.
  Argument of type 'ClassFieldDecoratorContext<Tarea, Date> & { name: "fechaHecha"; private: false; static: false; }' is not assignable to parameter of type 'string | symbol'.
src/planning/entities/tarea.entity.ts(61,6): error TS1240: Unable to resolve signature of property decorator when called as an expression.
  Argument of type 'ClassFieldDecoratorContext<Tarea, number> & { name: "idCreador"; private: false; static: false; }' is not assignable to parameter of type 'string | symbol'.
src/planning/entities/tarea.entity.ts(64,6): error TS1240: Unable to resolve signature of property decorator when called as an expression.
  Argument of type 'ClassFieldDecoratorContext<Tarea, number> & { name: "idAsignadoPor"; private: false; static: false; }' is not assignable to parameter of type 'string | symbol'.
src/planning/entities/tarea.entity.ts(67,6): error TS1240: Unable to resolve signature of property decorator when called as an expression.
  Argument of type 'ClassFieldDecoratorContext<Tarea, Usuario> & { name: "asignadoPor"; private: false; static: false; }' is not assignable to parameter of type 'string | symbol'.
src/planning/entities/tarea.entity.ts(68,6): error TS1240: Unable to resolve signature of property decorator when called as an expression.
  Argument of type 'ClassFieldDecoratorContext<Tarea, Usuario> & { name: "asignadoPor"; private: false; static: false; }' is not assignable to parameter of type 'string | symbol'.
src/planning/entities/tarea.entity.ts(71,6): error TS1240: Unable to resolve signature of property decorator when called as an expression.
  Argument of type 'ClassFieldDecoratorContext<Tarea, Date> & { name: "fechaCreacion"; private: false; static: false; }' is not assignable to parameter of type 'string | symbol'.
src/planning/entities/tarea.entity.ts(74,6): error TS1240: Unable to resolve signature of property decorator when called as an expression.
  Argument of type 'ClassFieldDecoratorContext<Tarea, Date> & { name: "fechaUltActualizacion"; private: false; static: false; }' is not assignable to parameter of type 'string | symbol'.
src/planning/entities/tarea.entity.ts(77,6): error TS1240: Unable to resolve signature of property decorator when called as an expression.
  Argument of type 'ClassFieldDecoratorContext<Tarea, TareaAsignado[]> & { name: "asignados"; private: false; static: false; }' is not assignable to parameter of type 'string | symbol'.
src/planning/entities/tarea.entity.ts(80,6): error TS1240: Unable to resolve signature of property decorator when called as an expression.
  Argument of type 'ClassFieldDecoratorContext<Tarea, number> & { name: "progreso"; private: false; static: false; }' is not assignable to parameter of type 'string | symbol'.
src/planning/entities/tarea.entity.ts(83,6): error TS1240: Unable to resolve signature of property decorator when called as an expression.
  Argument of type 'ClassFieldDecoratorContext<Tarea, number> & { name: "orden"; private: false; static: false; }' is not assignable to parameter of type 'string | symbol'.
src/planning/entities/tarea.entity.ts(86,6): error TS1240: Unable to resolve signature of property decorator when called as an expression.
  Argument of type 'ClassFieldDecoratorContext<Tarea, TareaAvance[]> & { name: "avances"; private: false; static: false; }' is not assignable to parameter of type 'string | symbol'.
src/planning/planning.service.ts(20,9): error TS1206: Decorators are not valid here.
src/planning/planning.service.ts(21,9): error TS1206: Decorators are not valid here.
src/planning/planning.service.ts(22,9): error TS1206: Decorators are not valid here.
src/planning/planning.service.ts(23,9): error TS1206: Decorators are not valid here.
src/planning/planning.service.ts(24,9): error TS1206: Decorators are not valid here.
src/planning/planning.service.ts(25,9): error TS1206: Decorators are not valid here.
src/planning/planning.service.ts(26,9): error TS1206: Decorators are not valid here.
src/planning/planning.service.ts(27,9): error TS1206: Decorators are not valid here.
